
 Start         Length     Name                   Class
 0001:00000000 0007C748H .text                   CODE
 0002:00000000 000015DCH .data                   DATA
 0002:000015DC 00000ED5H .bss                    BSS


Detailed map of segments

 0001:00000000 00005A37 C=CODE     S=.text    G=(none)   M=System   ACBP=A9
 0001:00005A38 00000140 C=CODE     S=.text    G=(none)   M=SysInit  ACBP=A9
 0001:00005B78 00000090 C=CODE     S=.text    G=(none)   M=Types    ACBP=A9
 0001:00005C08 00000D6C C=CODE     S=.text    G=(none)   M=Windows  ACBP=A9
 0001:00006974 00000038 C=CODE     S=.text    G=(none)   M=Messages ACBP=A9
 0001:000069AC 00000320 C=CODE     S=.text    G=(none)   M=SysConst ACBP=A9
 0001:00006CCC 00006AF4 C=CODE     S=.text    G=(none)   M=SysUtils ACBP=A9
 0001:0000D7C0 00000813 C=CODE     S=.text    G=(none)   M=VarUtils ACBP=A9
 0001:0000DFD4 000064B6 C=CODE     S=.text    G=(none)   M=Variants ACBP=A9
 0001:0001448C 00000150 C=CODE     S=.text    G=(none)   M=RTLConsts ACBP=A9
 0001:000145DC 000011C8 C=CODE     S=.text    G=(none)   M=TypInfo  ACBP=A9
 0001:000157A4 00000108 C=CODE     S=.text    G=(none)   M=ActiveX  ACBP=A9
 0001:000158AC 0000AE2A C=CODE     S=.text    G=(none)   M=Classes  ACBP=A9
 0001:000206D8 00000358 C=CODE     S=.text    G=(none)   M=Consts   ACBP=A9
 0001:00020A30 00008D7B C=CODE     S=.text    G=(none)   M=Graphics ACBP=A9
 0001:000297AC 00000048 C=CODE     S=.text    G=(none)   M=Math     ACBP=A9
 0001:000297F4 0000030C C=CODE     S=.text    G=(none)   M=Contnrs  ACBP=A9
 0001:00029B00 00000190 C=CODE     S=.text    G=(none)   M=CommCtrl ACBP=A9
 0001:00029C90 00000787 C=CODE     S=.text    G=(none)   M=MultiMon ACBP=A9
 0001:0002A418 00000038 C=CODE     S=.text    G=(none)   M=Imm      ACBP=A9
 0001:0002A450 00000FF8 C=CODE     S=.text    G=(none)   M=HelpIntfs ACBP=A9
 0001:0002B448 00000038 C=CODE     S=.text    G=(none)   M=WinSpool ACBP=A9
 0001:0002B480 00000044 C=CODE     S=.text    G=(none)   M=Printers ACBP=A9
 0001:0002B4C4 0000031F C=CODE     S=.text    G=(none)   M=FlatSB   ACBP=A9
 0001:0002B7E4 000001A4 C=CODE     S=.text    G=(none)   M=SyncObjs ACBP=A9
 0001:0002B988 000009BB C=CODE     S=.text    G=(none)   M=UxTheme  ACBP=A9
 0001:0002C344 00000038 C=CODE     S=.text    G=(none)   M=RichEdit ACBP=A9
 0001:0002C37C 00000038 C=CODE     S=.text    G=(none)   M=ToolWin  ACBP=A9
 0001:0002C3B4 00000038 C=CODE     S=.text    G=(none)   M=ShellAPI ACBP=A9
 0001:0002C3EC 00000038 C=CODE     S=.text    G=(none)   M=RegStr   ACBP=A9
 0001:0002C424 00000038 C=CODE     S=.text    G=(none)   M=WinInet  ACBP=A9
 0001:0002C45C 00000038 C=CODE     S=.text    G=(none)   M=UrlMon   ACBP=A9
 0001:0002C494 00000038 C=CODE     S=.text    G=(none)   M=ShlObj   ACBP=A9
 0001:0002C4CC 00000038 C=CODE     S=.text    G=(none)   M=CommDlg  ACBP=A9
 0001:0002C504 00000038 C=CODE     S=.text    G=(none)   M=Dlgs     ACBP=A9
 0001:0002C53C 000012E5 C=CODE     S=.text    G=(none)   M=Dialogs  ACBP=A9
 0001:0002D824 0000241E C=CODE     S=.text    G=(none)   M=ExtCtrls ACBP=A9
 0001:0002FC44 00000078 C=CODE     S=.text    G=(none)   M=ComStrs  ACBP=A9
 0001:0002FCBC 00000094 C=CODE     S=.text    G=(none)   M=Clipbrd  ACBP=A9
 0001:0002FD50 00000038 C=CODE     S=.text    G=(none)   M=StrUtils ACBP=A9
 0001:0002FD88 000000F5 C=CODE     S=.text    G=(none)   M=Buttons  ACBP=A9
 0001:0002FE80 00000038 C=CODE     S=.text    G=(none)   M=ExtDlgs  ACBP=A9
 0001:0002FEB8 00000068 C=CODE     S=.text    G=(none)   M=IniFiles ACBP=A9
 0001:0002FF20 00000524 C=CODE     S=.text    G=(none)   M=Registry ACBP=A9
 0001:00030444 0000006C C=CODE     S=.text    G=(none)   M=Mapi     ACBP=A9
 0001:000304B0 00000058 C=CODE     S=.text    G=(none)   M=ExtActns ACBP=A9
 0001:00030508 00000038 C=CODE     S=.text    G=(none)   M=ListActns ACBP=A9
 0001:00030540 000056C0 C=CODE     S=.text    G=(none)   M=ComCtrls ACBP=A9
 0001:00035C00 00000C5C C=CODE     S=.text    G=(none)   M=Themes   ACBP=A9
 0001:0003685C 00006A08 C=CODE     S=.text    G=(none)   M=StdCtrls ACBP=A9
 0001:0003D264 00000168 C=CODE     S=.text    G=(none)   M=StdActns ACBP=A9
 0001:0003D3CC 00000D1F C=CODE     S=.text    G=(none)   M=WinHelpViewer ACBP=A9
 0001:0003E0EC 00010CB7 C=CODE     S=.text    G=(none)   M=Controls ACBP=A9
 0001:0004EDA4 00001292 C=CODE     S=.text    G=(none)   M=ActnList ACBP=A9
 0001:00050038 000016E4 C=CODE     S=.text    G=(none)   M=ImgList  ACBP=A9
 0001:0005171C 00006639 C=CODE     S=.text    G=(none)   M=Menus    ACBP=A9
 0001:00057D58 0000C408 C=CODE     S=.text    G=(none)   M=Forms    ACBP=A9
 0001:00064160 000000C3 C=CODE     S=.text    G=(none)   M=CheckLst ACBP=A9
 0001:00064224 00000038 C=CODE     S=.text    G=(none)   M=MaskUtils ACBP=A9
 0001:0006425C 00000038 C=CODE     S=.text    G=(none)   M=Mask     ACBP=A9
 0001:00064294 00000038 C=CODE     S=.text    G=(none)   M=Grids    ACBP=A9
 0001:000642CC 00000058 C=CODE     S=.text    G=(none)   M=ComConst ACBP=A9
 0001:00064324 00000F35 C=CODE     S=.text    G=(none)   M=ComObj   ACBP=A9
 0001:0006525C 00000078 C=CODE     S=.text    G=(none)   M=WinSvc   ACBP=A9
 0001:000652D4 000024B9 C=CODE     S=.text    G=(none)   M=SvcMgr   ACBP=A9
 0001:00067790 00000038 C=CODE     S=.text    G=(none)   M=StdVCL   ACBP=A9
 0001:000677C8 0000079B C=CODE     S=.text    G=(none)   M=AxCtrls  ACBP=A9
 0001:00067F64 00000038 C=CODE     S=.text    G=(none)   M=Masks    ACBP=A9
 0001:00067F9C 00000038 C=CODE     S=.text    G=(none)   M=WebConst ACBP=A9
 0001:00067FD4 00000038 C=CODE     S=.text    G=(none)   M=BrkrConst ACBP=A9
 0001:0006800C 00000150 C=CODE     S=.text    G=(none)   M=HTTPApp  ACBP=A9
 0001:0006815C 0000F4D3 C=CODE     S=.text    G=(none)   M=TraceTool ACBP=A9
 0001:00077630 00004E50 C=CODE     S=.text    G=(none)   M=unitTest1 ACBP=A9
 0001:0007C480 000002C5 C=CODE     S=.text    G=(none)   M=DelphiDemo ACBP=A9
 0002:00000000 000000C4 C=DATA     S=.data    G=DGROUP   M=System   ACBP=A9
 0002:000000C4 00000020 C=DATA     S=.data    G=DGROUP   M=SysInit  ACBP=A9
 0002:000000E4 00000254 C=DATA     S=.data    G=DGROUP   M=SysUtils ACBP=A9
 0002:00000338 00000110 C=DATA     S=.data    G=DGROUP   M=VarUtils ACBP=A9
 0002:00000448 0000008E C=DATA     S=.data    G=DGROUP   M=Variants ACBP=A9
 0002:000004D8 0000000C C=DATA     S=.data    G=DGROUP   M=TypInfo  ACBP=A9
 0002:000004E4 00000010 C=DATA     S=.data    G=DGROUP   M=ActiveX  ACBP=A9
 0002:000004F4 00000064 C=DATA     S=.data    G=DGROUP   M=Classes  ACBP=A9
 0002:00000558 00000304 C=DATA     S=.data    G=DGROUP   M=Graphics ACBP=A9
 0002:0000085C 00000004 C=DATA     S=.data    G=DGROUP   M=Printers ACBP=A9
 0002:00000860 000000B4 C=DATA     S=.data    G=DGROUP   M=Dialogs  ACBP=A9
 0002:00000914 0000018C C=DATA     S=.data    G=DGROUP   M=ExtCtrls ACBP=A9
 0002:00000AA0 0000002C C=DATA     S=.data    G=DGROUP   M=Buttons  ACBP=A9
 0002:00000ACC 00000008 C=DATA     S=.data    G=DGROUP   M=IniFiles ACBP=A9
 0002:00000AD4 00000008 C=DATA     S=.data    G=DGROUP   M=Registry ACBP=A9
 0002:00000ADC 00000008 C=DATA     S=.data    G=DGROUP   M=Mapi     ACBP=A9
 0002:00000AE4 00000074 C=DATA     S=.data    G=DGROUP   M=ComCtrls ACBP=A9
 0002:00000B58 00000068 C=DATA     S=.data    G=DGROUP   M=Themes   ACBP=A9
 0002:00000BC0 000000A0 C=DATA     S=.data    G=DGROUP   M=StdCtrls ACBP=A9
 0002:00000C60 0000013C C=DATA     S=.data    G=DGROUP   M=Controls ACBP=A9
 0002:00000D9C 00000020 C=DATA     S=.data    G=DGROUP   M=ImgList  ACBP=A9
 0002:00000DBC 000000EC C=DATA     S=.data    G=DGROUP   M=Menus    ACBP=A9
 0002:00000EA8 0000011C C=DATA     S=.data    G=DGROUP   M=Forms    ACBP=A9
 0002:00000FC4 00000030 C=DATA     S=.data    G=DGROUP   M=ComObj   ACBP=A9
 0002:00000FF4 00000069 C=DATA     S=.data    G=DGROUP   M=SvcMgr   ACBP=A9
 0002:00001060 0000004C C=DATA     S=.data    G=DGROUP   M=HTTPApp  ACBP=A9
 0002:000010AC 00000044 C=DATA     S=.data    G=DGROUP   M=TraceTool ACBP=A9
 0002:000010F0 00000010 C=DATA     S=.data    G=DGROUP   M=unitTest1 ACBP=A9
 0002:00002000 00000664 C=BSS      S=.bss     G=DGROUP   M=System   ACBP=A9
 0002:00002664 00000010 C=BSS      S=.bss     G=DGROUP   M=SysInit  ACBP=A9
 0002:00002674 00000004 C=BSS      S=.bss     G=DGROUP   M=Types    ACBP=A9
 0002:00002678 00000004 C=BSS      S=.bss     G=DGROUP   M=Windows  ACBP=A9
 0002:0000267C 00000004 C=BSS      S=.bss     G=DGROUP   M=Messages ACBP=A9
 0002:00002680 00000004 C=BSS      S=.bss     G=DGROUP   M=SysConst ACBP=A9
 0002:00002684 00000120 C=BSS      S=.bss     G=DGROUP   M=SysUtils ACBP=A9
 0002:000027A4 0000005C C=BSS      S=.bss     G=DGROUP   M=VarUtils ACBP=A9
 0002:00002800 00000040 C=BSS      S=.bss     G=DGROUP   M=Variants ACBP=A9
 0002:00002840 00000004 C=BSS      S=.bss     G=DGROUP   M=RTLConsts ACBP=A9
 0002:00002844 00000004 C=BSS      S=.bss     G=DGROUP   M=TypInfo  ACBP=A9
 0002:00002848 00000004 C=BSS      S=.bss     G=DGROUP   M=ActiveX  ACBP=A9
 0002:0000284C 00000044 C=BSS      S=.bss     G=DGROUP   M=Classes  ACBP=A9
 0002:00002890 00000004 C=BSS      S=.bss     G=DGROUP   M=Consts   ACBP=A9
 0002:00002894 00000060 C=BSS      S=.bss     G=DGROUP   M=Graphics ACBP=A9
 0002:000028F4 00000004 C=BSS      S=.bss     G=DGROUP   M=Math     ACBP=A9
 0002:000028F8 00000004 C=BSS      S=.bss     G=DGROUP   M=Contnrs  ACBP=A9
 0002:000028FC 0000000C C=BSS      S=.bss     G=DGROUP   M=CommCtrl ACBP=A9
 0002:00002908 00000031 C=BSS      S=.bss     G=DGROUP   M=MultiMon ACBP=A9
 0002:0000293C 00000004 C=BSS      S=.bss     G=DGROUP   M=Imm      ACBP=A9
 0002:00002940 00000008 C=BSS      S=.bss     G=DGROUP   M=HelpIntfs ACBP=A9
 0002:00002948 00000004 C=BSS      S=.bss     G=DGROUP   M=WinSpool ACBP=A9
 0002:0000294C 00000004 C=BSS      S=.bss     G=DGROUP   M=Printers ACBP=A9
 0002:00002950 00000034 C=BSS      S=.bss     G=DGROUP   M=FlatSB   ACBP=A9
 0002:00002984 00000004 C=BSS      S=.bss     G=DGROUP   M=SyncObjs ACBP=A9
 0002:00002988 000000CC C=BSS      S=.bss     G=DGROUP   M=UxTheme  ACBP=A9
 0002:00002A54 00000004 C=BSS      S=.bss     G=DGROUP   M=RichEdit ACBP=A9
 0002:00002A58 00000004 C=BSS      S=.bss     G=DGROUP   M=ToolWin  ACBP=A9
 0002:00002A5C 00000004 C=BSS      S=.bss     G=DGROUP   M=ShellAPI ACBP=A9
 0002:00002A60 00000004 C=BSS      S=.bss     G=DGROUP   M=RegStr   ACBP=A9
 0002:00002A64 00000004 C=BSS      S=.bss     G=DGROUP   M=WinInet  ACBP=A9
 0002:00002A68 00000004 C=BSS      S=.bss     G=DGROUP   M=UrlMon   ACBP=A9
 0002:00002A6C 00000004 C=BSS      S=.bss     G=DGROUP   M=ShlObj   ACBP=A9
 0002:00002A70 00000004 C=BSS      S=.bss     G=DGROUP   M=CommDlg  ACBP=A9
 0002:00002A74 00000004 C=BSS      S=.bss     G=DGROUP   M=Dlgs     ACBP=A9
 0002:00002A78 00000038 C=BSS      S=.bss     G=DGROUP   M=Dialogs  ACBP=A9
 0002:00002AB0 00000004 C=BSS      S=.bss     G=DGROUP   M=ExtCtrls ACBP=A9
 0002:00002AB4 00000004 C=BSS      S=.bss     G=DGROUP   M=ComStrs  ACBP=A9
 0002:00002AB8 0000000C C=BSS      S=.bss     G=DGROUP   M=Clipbrd  ACBP=A9
 0002:00002AC4 00000004 C=BSS      S=.bss     G=DGROUP   M=StrUtils ACBP=A9
 0002:00002AC8 00000030 C=BSS      S=.bss     G=DGROUP   M=Buttons  ACBP=A9
 0002:00002AF8 00000004 C=BSS      S=.bss     G=DGROUP   M=ExtDlgs  ACBP=A9
 0002:00002AFC 00000004 C=BSS      S=.bss     G=DGROUP   M=IniFiles ACBP=A9
 0002:00002B00 00000004 C=BSS      S=.bss     G=DGROUP   M=Registry ACBP=A9
 0002:00002B04 00000004 C=BSS      S=.bss     G=DGROUP   M=Mapi     ACBP=A9
 0002:00002B08 00000009 C=BSS      S=.bss     G=DGROUP   M=ExtActns ACBP=A9
 0002:00002B14 00000004 C=BSS      S=.bss     G=DGROUP   M=ListActns ACBP=A9
 0002:00002B18 00000010 C=BSS      S=.bss     G=DGROUP   M=ComCtrls ACBP=A9
 0002:00002B28 00000008 C=BSS      S=.bss     G=DGROUP   M=Themes   ACBP=A9
 0002:00002B30 00000004 C=BSS      S=.bss     G=DGROUP   M=StdCtrls ACBP=A9
 0002:00002B34 00000004 C=BSS      S=.bss     G=DGROUP   M=StdActns ACBP=A9
 0002:00002B38 00000014 C=BSS      S=.bss     G=DGROUP   M=WinHelpViewer ACBP=A9
 0002:00002B4C 00000080 C=BSS      S=.bss     G=DGROUP   M=Controls ACBP=A9
 0002:00002BCC 00000004 C=BSS      S=.bss     G=DGROUP   M=ActnList ACBP=A9
 0002:00002BD0 0000000C C=BSS      S=.bss     G=DGROUP   M=ImgList  ACBP=A9
 0002:00002BDC 00000010 C=BSS      S=.bss     G=DGROUP   M=Menus    ACBP=A9
 0002:00002BEC 00000020 C=BSS      S=.bss     G=DGROUP   M=Forms    ACBP=A9
 0002:00002C0C 0000000C C=BSS      S=.bss     G=DGROUP   M=CheckLst ACBP=A9
 0002:00002C18 00000004 C=BSS      S=.bss     G=DGROUP   M=MaskUtils ACBP=A9
 0002:00002C1C 00000004 C=BSS      S=.bss     G=DGROUP   M=Mask     ACBP=A9
 0002:00002C20 00000004 C=BSS      S=.bss     G=DGROUP   M=Grids    ACBP=A9
 0002:00002C24 00000004 C=BSS      S=.bss     G=DGROUP   M=ComConst ACBP=A9
 0002:00002C28 00000011 C=BSS      S=.bss     G=DGROUP   M=ComObj   ACBP=A9
 0002:00002C3C 00000004 C=BSS      S=.bss     G=DGROUP   M=WinSvc   ACBP=A9
 0002:00002C40 00000004 C=BSS      S=.bss     G=DGROUP   M=SvcMgr   ACBP=A9
 0002:00002C44 00000004 C=BSS      S=.bss     G=DGROUP   M=StdVCL   ACBP=A9
 0002:00002C48 0000001C C=BSS      S=.bss     G=DGROUP   M=AxCtrls  ACBP=A9
 0002:00002C64 00000004 C=BSS      S=.bss     G=DGROUP   M=Masks    ACBP=A9
 0002:00002C68 00000004 C=BSS      S=.bss     G=DGROUP   M=WebConst ACBP=A9
 0002:00002C6C 00000004 C=BSS      S=.bss     G=DGROUP   M=BrkrConst ACBP=A9
 0002:00002C70 00000008 C=BSS      S=.bss     G=DGROUP   M=HTTPApp  ACBP=A9
 0002:00002C78 00000238 C=BSS      S=.bss     G=DGROUP   M=TraceTool ACBP=A9
 0002:00002EB0 00000024 C=BSS      S=.bss     G=DGROUP   M=unitTest1 ACBP=A9


  Address         Publics by Name

 0002:00002C48       .02
 0002:00002C44       .1
 0002:00002C3C       .1
 0002:00002C68       .1
 0002:00002C24       .1
 0002:00002C6C       .1
 0002:00002890       .1
 0002:00002B04       .1
 0002:00002AB4       .1
 0002:00002674       .1
 0002:00002AC4       .1
 0002:0000266C       .1
 0002:00002A74       .1
 0002:00002A70       .1
 0002:00002A6C       .1
 0002:00002840       .1
 0002:00002A64       .1
 0002:00002A60       .1
 0002:00002A5C       .1
 0002:00002A54       .1
 0002:00002A44       .1
 0002:00002970       .1
 0002:00002B40       .1
 0002:0000293C       .1
 0002:0000267C       .1
 0002:00002680       .1
 0002:00002928       .1
 0002:000028FC       .1
 0002:00002A68       .1
 0002:00002A78       .11
 0002:00002C20       .11
 0002:00002AB0       .12
 0002:00002898       .12
 0002:00002C18       .2
 0002:00002C0C       .2
 0002:000028F4       .2
 0002:00002940       .2
 0002:00002ABC       .2
 0002:00002B28       .2
 0002:000028F8       .21
 0002:00002C70       .22
 0002:00002BD0       .3
 0002:00002C64       .3
 0002:00002848       .3
 0002:00002678       .3
 0002:00002AF8       .3
 0002:0000294C       .3
 0002:00002948       .3
 0002:00002794       .35
 0002:00002B18       .36
 0002:00002AC8       .4
 0002:00002A58       .4
 0002:00002C28       .41
 0002:00002BF4       .41
 0002:00002B30       .42
 0002:00002858       .45
 0002:00002B00       .5
 0002:00002C1C       .5
 0002:000025BC       .5
 0002:00002ECC       .5
 0002:000027FC       .5
 0002:00002844       .6
 0002:00002984       .6
 0002:00002C40       .7
 0002:00002B08       .72
 0002:00002B54       .72
 0002:00002B34       .73
 0002:00002C88       .8
 0002:00002B14       .8
 0002:00002AFC       .8
 0002:00002BCC       .8
 0002:00002820       .81
 0002:00002BE4       .9
 0001:00001BB4       @AbstractError
 0001:00002E14       @AfterConstruction
 0001:00001C34       @Append
 0001:00002C48       @AsClass
 0001:00001E98       @Assign
 0001:0000210C       @AStrCmp
 0001:00002E24       @BeforeDestruction
 0001:00001FF4       @BlockWrite
 0001:000029D0       @BoundErr
 0001:00002C94       @CallDynaInst
 0001:00002DBC       @ClassCreate
 0001:00002E0C       @ClassDestroy
 0001:00002014       @Close
 0001:00002204       @CloseFile
 0001:00001910       @Copy
 0001:00004624       @CopyArray
 0001:00004508       @CopyRecord
 0001:00004790       @DispCallByIDError
 0001:0000EAF8       @DispInvokeError
 0001:0000472C       @Dispose
 0001:000032A0       @DoneExcept
 0001:00004D2C       @DynArrayAddRef
 0001:00004D04       @DynArrayAsg
 0001:00004CC8       @DynArrayClear
 0001:00004BB4       @DynArrayCopy
 0001:00004BD4       @DynArrayCopyRange
 0001:000049F4       @DynArrayHigh
 0001:000049EC       @DynArrayLength
 0001:00004BA8       @DynArraySetLength
 0001:00003388       @ExceptionHandler
 0001:0000217C       @FileSize
 0001:000021C8       @FillChar
 0001:000044E4       @Finalize
 0001:000043F8       @FinalizeArray
 0001:000043AC       @FinalizeRecord
 0001:00002CAC       @FindDynaInst
 0001:00001F54       @Flush
 0001:000029C4       @FpuInit
 0001:00002900       @FpuMaskInit
 0001:0000178C       @FreeMem
 0001:0000176C       @GetMem
 0001:00005AB0       @GetTls
 0001:000037D0       @Halt
 0001:000036F8       @Halt0
 0001:00002F38       @HandleAnyException
 0001:000031EC       @HandleFinally
 0001:00003064       @HandleOnException
 0001:00005AFC       @InitExe
 0001:000043A0       @Initialize
 0001:0000430C       @InitializeArray
 0001:000042DC       @InitializeRecord
 0001:000035BC       @InitImports
 0001:00003594       @InitResStringImports
 0001:00003570       @InitResStrings
 0001:000053F4       @IntfAddRef
 0001:000053C4       @IntfCast
 0001:00005380       @IntfClear
 0001:00005398       @IntfCopy
 0001:00002C24       @IsClass
 0001:000028D0       @isNECWindows
 0001:00003D1C       @LStrAddRef
 0001:00003890       @LStrArrayClr
 0001:000038C0       @LStrAsg
 0001:00003B34       @LStrCat
 0001:00003B78       @LStrCat3
 0001:00003BEC       @LStrCatN
 0001:0000386C       @LStrClr
 0001:00003C78       @LStrCmp
 0001:00003D8C       @LStrCopy
 0001:00003DCC       @LStrDelete
 0001:00003ADC       @LStrFromArray
 0001:00003A54       @LStrFromChar
 0001:00003A64       @LStrFromPChar
 0001:0000395C       @LStrFromPCharLen
 0001:00003A94       @LStrFromPWChar
 0001:000039C8       @LStrFromPWCharLen
 0001:00003AD0       @LStrFromString
 0001:00003AF4       @LStrFromWStr
 0001:00003E14       @LStrInsert
 0001:00003904       @LStrLAsg
 0001:00003B2C       @LStrLen
 0001:00003F1C       @LStrOfChar
 0001:00003E70       @LStrPos
 0001:00003EB8       @LStrSetLength
 0001:00003D2C       @LStrToPChar
 0001:00003B08       @LStrToString
 0001:00004718       @New
 0001:00003930       @NewAnsiString
 0001:00003F78       @NewWideString
 0001:000025E4       @Pow10
 0001:00002088       @PStrCmp
 0001:0000206C       @PStrNCpy
 0001:0000324C       @RaiseAgain
 0001:00003224       @RaiseExcept
 0001:000021E8       @RandInt
 0001:000017AC       @ReallocMem
 0001:0000230C       @ResetFile
 0001:00002328       @RewritFile
 0001:00001C28       @RewritText
 0001:00001B84       @ROUND
 0001:000037DC       @RunError
 0001:00002334       @Seek
 0001:000025C8       @SetEq
 0001:00003530       @StartExe
 0001:0000034C       @strlen
 0001:00001B90       @TRUNC
 0001:000032D0       @TryFinallyExit
 0001:00003D84       @UniqueStringA
 0001:000047BC       @ValInt64
 0001:00002368       @ValLong
 0001:000132B4       @VarAddRef
 0001:000137F4       @VarArrayPut
 0001:0000F400       @VarCast
 0001:0000EDE4       @VarClear
 0001:0000EDF8       @VarClr
 0001:000043E0       @VarClr
 0001:0000F10C       @VarCopy
 0001:000044F0       @VarCopy
 0001:00013144       @VarFromBool
 0001:00012FD0       @VarFromByte
 0001:00013194       @VarFromCurr
 0001:000130EC       @VarFromCurrency
 0001:00013118       @VarFromDate
 0001:00013288       @VarFromDisp
 0001:000130C0       @VarFromDouble
 0001:00012F74       @VarFromInt
 0001:00013070       @VarFromInt64
 0001:00012FB0       @VarFromInteger
 0001:0001325C       @VarFromIntf
 0001:00013010       @VarFromLongWord
 0001:000131A8       @VarFromLStr
 0001:000131D4       @VarFromPStr
 0001:0001316C       @VarFromReal
 0001:00013030       @VarFromShortInt
 0001:0001309C       @VarFromSingle
 0001:00013050       @VarFromSmallInt
 0001:00013180       @VarFromTDateTime
 0001:00012FF0       @VarFromWord
 0001:00013224       @VarFromWStr
 0001:0000EB4C       @VarNull
 0001:0000F150       @VarStringToOleStr
 0001:00010884       @VarToBoolean
 0001:0000FCC4       @VarToByte
 0001:00011A48       @VarToCurrency
 0001:000114E0       @VarToDate
 0001:00012EC8       @VarToDisp
 0001:00010D8C       @VarToDouble
 0001:00010288       @VarToInt64
 0001:0000F7C4       @VarToInteger
 0001:00012DFC       @VarToIntf
 0001:0000FF3C       @VarToLongWord
 0001:000120FC       @VarToLStr
 0001:0000FC14       @VarToShortInt
 0001:00011108       @VarToSingle
 0001:0000FD6C       @VarToSmallInt
 0001:0000FE64       @VarToWord
 0001:00012824       @VarToWStr
 0001:00003F48       @Write0LString
 0001:00002480       @WriteBytes
 0001:00002550       @WriteLn
 0001:00003F50       @WriteLString
 0001:000024D4       @WriteSpaces
 0001:00003FB8       @WStrArrayClr
 0001:00003FDC       @WStrAsg
 0001:00004120       @WStrCat
 0001:00004180       @WStrCatN
 0001:00003FA0       @WStrClr
 0001:000041C8       @WStrCmp
 0001:0000424C       @WStrCopy
 0001:000040F4       @WStrFromLStr
 0001:00004008       @WStrFromPCharLen
 0001:000040B8       @WStrFromPWChar
 0001:00004094       @WStrFromPWCharLen
 0001:00004000       @WStrLAsg
 0001:00004114       @WStrLen
 0001:00004298       @WStrSetLength
 0001:00004104       @WStrToPWChar
 0001:000025A4       @_CLenToPasStr
 0001:00002598       @_CToPasStr
 0001:000018D4       @_IOTest
 0001:00004798       @_llmul
 0001:00040C54       AbsMin
 0001:0000B94C       AbstractErrorHandler
 0002:0000202C       AbstractErrorProc
 0002:00000168       AccessMode
 0001:0000183C       AcquireExceptionObject
 0002:00000FF8       ActionStr
 0001:00017F54       ActivateClassGroup
 0001:000061BC       ActivateKeyboardLayout
 0002:00002B88       ActiveDrag
 0001:000158A4       ActiveX
 0001:0005000C       ActnList
 0001:00000478       AddBlockAfter
 0001:000695B0       addCommand
 0001:00069674       addCommand
 0001:000693BC       addCommand
 0001:000694F8       addCommand
 0001:000692BC       addCommand
 0001:00069330       addCommand
 0001:00069450       addCommand
 0002:000004F4       AddDataModule
 0001:0000790C       AddExitProc
 0001:0006FC28       AddFields
 0001:00070B10       AddFields
 0001:0001B7BC       AddFinished
 0001:00070628       AddGeneralInfo
 0001:00053350       AddIn
 0001:000715F0       AddMethod
 0001:000719E8       AddMethodsAndProperties
 0001:00005224       AddModuleUnloadProc
 0001:00005214       AddModuleUnloadProc
 0001:0001B7F4       AddNotFinished
 0001:0006FEB8       AddProperties
 0001:00071184       AddProperty
 0001:0001C218       AddSubComponentsToLoaded
 0001:0001E62C       AddThread
 0001:000733B0       AddToEventGroup
 0001:0007331C       AddToFieldGroup
 0001:0006F208       AddToFieldGroup
 0001:00024450       AdjustColor
 0001:0002F490       AdjustColors
 0001:00007BE4       AdjustLineBreaks
 0001:0005A360       Adjustment
 0001:000061C4       AdjustWindowRectEx
 0002:00000BC8       Alignments
 0002:00000C40       Alignments
 0002:00000E80       Alignments
 0002:00000C50       Alignments
 0002:00000E90       Alignments
 0002:00000C08       Alignments
 0002:0000091C       Alignments
 0002:00000B14       AlignStyles
 0001:00061258       AlignWork
 0001:000463D4       AlignWork
 0001:000204B8       AllocateHWnd
 0001:000078C0       AllocMem
 0002:000025B4       AllocMemCount
 0002:000025B8       AllocMemSize
 0001:000295A4       AllocPatternBitmap
 0001:00005A58       AllocTlsBuffer
 0002:00002C78       AlternateSend
 0002:00000C6C       AnchorAlign
 0002:00000C60       AnimateWindowProc
 0002:00000D68       AnimationStyle
 0002:00002C8C       AnsiCharTypes
 0001:00007AEC       AnsiCompareStr
 0001:00007B24       AnsiCompareText
 0001:00008314       AnsiLastChar
 0001:000061CC       AnsiLower
 0001:00007AB8       AnsiLowerCase
 0001:0000C28C       AnsiLowerCaseFileName
 0001:0000C254       AnsiPos
 0001:00057B64       AnsiSameCaption
 0001:00007B5C       AnsiSameText
 0001:00007B74       AnsiStrLIComp
 0001:0000C318       AnsiStrPos
 0001:0000C3B8       AnsiStrRScan
 0001:0000C3E0       AnsiStrScan
 0001:000057F4       AnsiToUtf8
 0001:00007A84       AnsiUpperCase
 0001:00012D84       AnyToIntf
 0001:00009898       AppendChars
 0001:00009C5C       AppendFormat
 0001:000098FC       AppendNumber
 0001:000098DC       AppendString
 0002:00002BEC       Application
 0002:00000FF4       Application
 0002:00000504       ApplicationHandleException
 0002:0000050C       ApplicationShowException
 0002:00000FBC       AppVisible
 0001:0006F820       Array_AddValue
 0001:0000B930       AssertErrorHandler
 0002:00002024       AssertErrorProc
 0001:00014F2C       AssignLongStr
 0001:000155A8       AssignVariant
 0002:0000260C       avail
 0001:00067F40       AxCtrls
 0002:000010B0       b64
 0001:00008484       BackfillGetDiskFreeSpaceEx
 0001:000437E8       BackgroundClipped
 0001:0000DA50       BackupVarBoolFromStr
 0001:0000DBB0       BackupVarBStrFromBool
 0001:0000DAD0       BackupVarBStrFromCy
 0001:0000DB40       BackupVarBStrFromDate
 0001:0000D9E4       BackupVarCyFromStr
 0001:0000D978       BackupVarDateFromStr
 0001:0000D834       BackupVarI4FromStr
 0001:0000D7E0       BackupVariantChangeTypeEx
 0001:0000D8A0       BackupVarR4FromStr
 0001:0000D90C       BackupVarR8FromStr
 0001:0000BF24       Beep
 0001:000182AC       BeginGlobalLoading
 0001:000061D4       BeginPaint
 0001:00003820       BeginThread
 0001:0002445C       BetterSize
 0001:000541C4       BiDiDraw
 0001:00005F94       BitBlt
 0002:00000AA0       BitBtnCaptions
 0002:00002ACC       BitBtnGlyphs
 0002:00000810       BitmapCanvasList
 0002:000028B0       BitmapImageLock
 0001:0000D81C       BiUnimplemented
 0002:0000052C       BlockCode
 0002:000025E4       blockDescBlockList
 0002:000025E8       blockDescFreeList
 0001:00001F68       BlockIO
 0002:000004D8       BooleanIdents
 0002:00000454       BooleanToStringRule
 0001:00008134       BoolToStr
 0001:00011E84       BoolToWStrViaOS
 0002:00000914       BorderStyles
 0002:00000BC0       BorderStyles
 0001:00005BB4       Bounds
 0001:0001726C       Bounds
 0002:00000E28       Breaks
 0001:00068004       BrkrConst
 0002:000028E8       BrushManager
 0001:00056978       BuildImage
 0002:000008BC       ButtonCaptions
 0002:00000890       ButtonNames
 0001:0002FE58       Buttons
 0002:00000EA4       Buttons
 0002:00000C38       ButtonStyles
 0002:00002A84       ButtonWidths
 0001:00023C3C       BytesPerScanline
 0001:00023F94       ByteSwapColors
 0001:0000C008       ByteToCharIndex
 0001:0000BFE0       ByteToCharLen
 0001:0000BFA4       ByteType
 0001:0000BF2C       ByteTypeTest
 0002:00002BD4       CachedComCtrlVer
 0001:000203F4       CalcJmpOffset
 0001:0004E094       CalcSplitterPos
 0001:000061DC       CallNextHookEx
 0001:0000CCF0       CallTerminateProcs
 0001:000061E4       CallWindowProc
 0001:00041C8C       CancelDrag
 0002:000028EC       CanvasList
 0002:00002B9C       CanvasList
 0002:00000868       Captions
 0002:00000D24       CaptureControl
 0002:00000DC8       cBooleanToItemAutoFlag
 0002:00002ABA       CF_COMPONENT
 0002:00002AB8       CF_PICTURE
 0002:00002818       ChangeAnyProc
 0001:0004020C       ChangeBiDiModeAlignment
 0002:00000BE8       CharCases
 0001:0000398C       CharFromWChar
 0001:0000C1DC       CharLength
 0001:000061EC       CharLowerBuff
 0001:000002B4       CharNext
 0001:000061F4       CharNext
 0001:000224F8       CharsetToIdent
 0001:0000C0F0       CharToByteIndex
 0001:0000C154       CharToByteLen
 0001:000061FC       CharToOemA
 0001:00006204       CharUpperBuff
 0001:00024A24       CheckBool
 0001:00002EB4       CheckJmp
 0001:00064214       CheckLst
 0001:0000620C       CheckMenuItem
 0002:00000E18       Checks
 0001:0001C254       CheckSubComponents
 0001:0001E644       CheckSynchronize
 0001:00059D9C       CheckTaskWindow
 0001:00041940       CheckUndock
 0001:0000BE18       CheckWin32Version
 0002:00000458       CInvalidCustomVariantType
 0002:00000DCC       cItemAutoFlagToBoolean
 0002:00000DC4       cItemAutoFlagToMenu
 0001:00020644       Classes
 0001:00017D18       ClassNotFound
 0002:00002814       ClearAnyProc
 0001:00021D88       ClearColor
 0001:00064F3C       ClearExcepInfo
 0001:00013F1C       ClearVariantTypeList
 0001:00006214       ClientToScreen
 0001:0004B67C       ClientToWindow
 0002:00000808       ClipboardFormats
 0001:0002FCF8       Clipbrd
 0001:0000621C       CloseClipboard
 0001:00000254       CloseHandle
 0001:00005D14       CloseHandle
 0001:0006525C       CloseServiceHandle
 0002:0000298C       CloseThemeData
 0001:00015828       CLSIDFromProgID
 0002:00002040       CmdLine
 0002:0000203C       CmdShow
 0002:00000DC0       cMenuAutoFlagToItem
 0001:0000D828       CmpUnimplemented
 0002:00000FCC       CoAddRefServerProcess
 0001:00015830       CoCreateGuid
 0001:00015818       CoCreateInstance
 0002:00000FC4       CoCreateInstanceEx
 0002:00000FDC       CoInitFlags
 0001:00015808       CoInitialize
 0002:00000FC8       CoInitializeEx
 0002:00000588       Colors
 0001:000222F0       ColorToIdent
 0002:00000928       ColorToPretyName
 0001:000222E0       ColorToRGB
 0002:00002C30       ComClassManagerVar
 0001:0006431C       ComConst
 0002:00002900       ComCtl32DLL
 0002:00002B24       ComCtlVersion
 0001:00035BF8       ComCtrls
 0002:00002BE8       CommandPool
 0001:00029C88       CommCtrl
 0001:0002C4FC       CommDlg
 0001:00000758       Commit
 0002:00002628       committedRoot
 0001:00065204       ComObj
 0001:00052934       CompareFront
 0001:000079EC       CompareMem
 0001:000079BC       CompareStr
 0001:00005D1C       CompareString
 0001:00007A0C       CompareText
 0001:0000805C       CompareWith
 0001:0001C334       ComponentCreated
 0001:000247F4       ComputeAldusChecksum
 0001:0002FCB4       ComStrs
 0001:00020A28       Consts
 0001:00029AF8       Contnrs
 0002:00002B5A       ControlAtom
 0002:00002B60       ControlAtomString
 0001:0005EB28       ControlHasHelp
 0001:0004ED14       Controls
 0001:0000B344       ConvertAddr
 0001:000099EC       ConvertEraString
 0001:00007884       ConvertError
 0001:0000789C       ConvertErrorFmt
 0001:00009B54       ConvertYearString
 0001:000049FC       CopyArray
 0001:00026BE4       CopyBitmap
 0001:000272AC       CopyBitmapAsMask
 0001:00005F9C       CopyEnhMetaFile
 0001:00027248       CopyPalette
 0002:00000B5C       Copyright
 0001:00055A24       CopyToBest
 0002:00000FD0       CoReleaseServerProcess
 0002:00000FD4       CoResumeClassObjects
 0002:00000FD8       CoSuspendClassObjects
 0001:00015838       CoTaskMemFree
 0001:00015810       CoUninitialize
 0001:0000C060       CountChars
 0002:000028C8       CounterLock
 0002:0000045C       CRangeToType
 0001:0000B874       CreateAssertException
 0001:0000B9FC       CreateAVObject
 0001:00005FA4       CreateBitmap
 0001:00005FAC       CreateBrushIndirect
 0001:00005FB4       CreateCompatibleBitmap
 0001:00005FBC       CreateCompatibleDC
 0001:0001C3B4       CreateComponent
 0001:00005FCC       CreateDIBitmap
 0001:00005FC4       CreateDIBSection
 0001:00005D24       CreateEvent
 0001:00005D2C       CreateFile
 0001:0000025C       CreateFileA
 0001:00005FD4       CreateFontIndirect
 0001:00005FDC       CreateHalftonePalette
 0001:00006224       CreateIcon
 0001:0000B7A0       CreateInOutError
 0001:0000622C       CreateMenu
 0001:0002CFBC       CreateMessageDialog
 0001:00064704       CreateOleObject
 0001:00005FE4       CreatePalette
 0001:00005FEC       CreatePenIndirect
 0001:00006234       CreatePopupMenu
 0001:00005D34       CreateProcess
 0001:00065264       CreateService
 0001:00005FF4       CreateSolidBrush
 0001:00023FEC       CreateSystemPalette
 0001:000002BC       CreateThread
 0001:00005D3C       CreateThread
 0001:000067EC       CreateWindow
 0001:00006794       CreateWindowEx
 0002:00000860       CreationControl
 0002:00000C64       CreationControl
 0002:000004C4       CRelationshipToBoolean
 0002:00000440       CResult
 0002:00002E9C       criticalSection
 0002:00000160       cSimpleBoolStrs
 0002:00000470       CText
 0002:00000D60       Ctl3DStyles
 0002:00002620       curAlloc
 0002:0000268C       CurrencyDecimals
 0002:00002688       CurrencyFormat
 0002:00002684       CurrencyString
 0001:00009884       CurrentYear
 0001:0000935C       CurrToStr
 0001:00011E14       CurrToWStrViaOS
 0002:00000F40       CursorMap
 0002:00000C74       Cursors
 0001:0004052C       CursorToIdent
 0002:00000F30       cUseAlpha
 0002:00000F38       cUseColorKey
 0002:00000338       CVarTypeToElementInfo
 0001:00007DB0       CvtInt
 0001:00007E1C       CvtInt64
 0002:000001A0       CWNear
 0001:00030028       DataTypeToRegData
 0002:0000268D       DateSeparator
 0001:0000A484       DateTimeToStr
 0001:0000A410       DateTimeToString
 0001:0000941C       DateTimeToTimeStamp
 0001:00011E4C       DateToWStrViaOS
 0001:0000980C       DayOfWeek
 0002:00001090       DaysOfWeek
 0002:0000019C       DCon10
 0002:00000584       DDBsOnly
 0001:0002056C       DeallocateHWnd
 0002:0000002C       DebugHook
 0002:0000268B       DecimalSeparator
 0001:00013A9C       DecIndices
 0001:000097EC       DecodeDate
 0001:000096A0       DecodeDateFully
 0001:00009510       DecodeTime
 0001:000007EC       Decommit
 0001:00000E08       DecommitFree
 0002:000025FC       decommittedRoot
 0001:00061E80       Default
 0001:0005C7B0       Default
 0002:00000024       Default8087CW
 0002:00000C68       DefaultDockTreeClass
 0002:00000038       DefaultTextLineBreakStyle
 0002:000025C0       DefaultUserCodePage
 0002:00002EAC       DefaultWinTrace
 0002:000007D8       DefBrushData
 0002:00000558       DefFontData
 0001:0000623C       DefFrameProc
 0002:0000022C       DefLongDayNames
 0002:000001E0       DefLongMonthNames
 0001:00006244       DefMDIChildProc
 0002:000007B8       DefPenData
 0002:00000210       DefShortDayNames
 0002:000001B0       DefShortMonthNames
 0001:0000624C       DefWindowProc
 0001:00004D68       DelayLoadResourceModule
 0001:000004A8       DeleteBlock
 0001:00005D44       DeleteCriticalSection
 0001:00000418       DeleteCriticalSection
 0001:00005FFC       DeleteDC
 0001:00006004       DeleteEnhMetaFile
 0001:00000C50       DeleteFree
 0001:00006254       DeleteMenu
 0001:0000600C       DeleteObject
 0001:0006526C       DeleteService
 0001:0007C700       DelphiDemo
 0001:00005CD4       DeregisterEventSource
 0001:000267A0       DeselectBitmap
 0001:0000625C       DestroyCursor
 0001:00006264       DestroyIcon
 0001:0002FD88       DestroyLocals
 0001:0000626C       DestroyMenu
 0001:00006274       DestroyWindow
 0001:0003DDA0       DialogEnumerationTester
 0001:0002D7E4       Dialogs
 0002:00000814       DIBPalSizes
 0002:000000B4       dig
 0001:00059BF0       DisableTaskWindows
 0001:00064950       DispatchInvoke
 0001:00064F30       DispatchInvokeError
 0001:0000627C       DispatchMessage
 0001:0005FE08       DispatchShortCut
 0001:00064F4C       DispCall
 0001:00065030       DispCallByID
 0002:00002000       DispCallByIDProc
 0001:00064E5C       DispCallError
 0001:00007868       DivMod
 0001:0002C534       Dlgs
 0001:00046264       DoAlign
 0001:0006110C       DoAlign
 0001:0004A35C       DoCalcConstraints
 0002:00002B90       DockSiteList
 0001:00056644       DoClick
 0001:000479A8       DoControlMsg
 0001:00059BA0       DoDisableWindow
 0001:0004126C       DoDragOver
 0001:000078E0       DoExitProc
 0001:0004C368       DoFindControlZone
 0001:00059CDC       DoFindWindow
 0001:0004C8F4       DoFindZone
 0001:0004C3EC       DoForEach
 0001:0004DCF8       DoGetNextLimit
 0001:00059B68       DoneApplication
 0001:000676E8       DoneApplication
 0001:0004EA58       DoneControls
 0001:0000BD28       DoneExceptions
 0001:00066B50       DoneServiceApplication
 0001:0005E184       DoNestedActivation
 0001:0001E5E0       DoneThreadSynchronization
 0001:00045E24       DoPosition
 0001:00060F5C       DoPosition
 0001:0004D320       DoPrune
 0001:0002E950       DoRect
 0001:0004D7F8       DoSaveZone
 0001:0004D9FC       DoSetNewBounds
 0002:000004E0       DotSep
 0001:00019888       DoWrite
 0001:00050F94       DoWrite
 0001:00024C7C       DoWrite
 0001:000258BC       DoWrite
 0001:00046F90       DoWriteDesignSize
 0001:00020178       DoWriteHeight
 0001:00020110       DoWriteHorizontalOffset
 0001:000448E8       DoWriteIsControl
 0001:00020144       DoWriteVerticalOffset
 0001:000200E8       DoWriteWidth
 0002:00002B74       DragCapture
 0002:00002B68       DragControl
 0001:000419B4       DragDone
 0001:0004121C       DragFindTarget
 0001:000411F0       DragFindWindow
 0002:00002B8C       DragImageList
 0001:0004160C       DragInit
 0001:0004177C       DragInitControl
 0002:00002B70       DragInternalObject
 0001:00041138       DragMessage
 0002:00002B6C       DragObject
 0002:00002B98       DragSave
 0002:00002B80       DragSaveCursor
 0002:00002B78       DragStartPos
 0002:00002B84       DragThreshold
 0001:0004133C       DragTo
 0001:00061EBC       DrawAppIcon
 0001:0004CE8C       DrawCloseButton
 0001:00006284       DrawEdge
 0001:0000628C       DrawFrameControl
 0001:0004CEE4       DrawGrabberLine
 0001:00006294       DrawIcon
 0001:0000629C       DrawIconEx
 0002:00000D9C       DrawingStyles
 0001:000062A4       DrawMenuBar
 0001:00057984       DrawMenuItem
 0001:000062AC       DrawText
 0002:00002990       DrawThemeBackground
 0002:000029B4       DrawThemeEdge
 0002:000029B8       DrawThemeIcon
 0002:00002A3C       DrawThemeParentBackground
 0002:00002994       DrawThemeText
 0001:00023ABC       DupBits
 0001:00013A48       DynArrayBounds
 0001:00004A14       DynArrayClear
 0001:000139C0       DynArrayDim
 0001:000139A4       DynArrayElTypeInfo
 0001:00013964       DynArrayIndex
 0001:00004A1C       DynArraySetLength
 0001:000139D8       DynArraySize
 0001:00013BA8       DynArrayToVariant
 0001:00013B08       DynArrayVariantBounds
 0001:00013B60       DynArrayVarType
 0002:00000E88       EdgeStyle
 0002:00000D50       EdgeStyles
 0001:0000B774       EHeapException.FreeInstance
 0002:00000C04       Empty
 0001:000062B4       EmptyClipboard
 0002:00002800       EmptyParam
 0002:000000E4       EmptyStr
 0002:000000E8       EmptyWideStr
 0001:000062BC       EnableMenuItem
 0002:00000E20       Enables
 0001:000062C4       EnableScrollBar
 0001:00059CA4       EnableTaskWindows
 0002:00002A24       EnableThemeDialogTexture
 0002:00002A40       EnableTheming
 0001:000062CC       EnableWindow
 0001:00073E30       Encode
 0001:00009670       EncodeDate
 0001:000094D0       EncodeTime
 0001:00018334       EndGlobalLoading
 0001:000062D4       EndPaint
 0001:00003864       EndThread
 0001:00005D4C       EnterCriticalSection
 0001:00000408       EnterCriticalSection
 0001:00005D54       EnumCalendarInfoA
 0002:00002924       EnumDisplayMonitors
 0001:0000AFB8       EnumEraNames
 0001:0000AFF4       EnumEraYearOffsets
 0001:0005CD74       EnumMonitorsProc
 0001:000062DC       EnumThreadWindows
 0001:0001BB64       EnumValue
 0001:000062E4       EnumWindows
 0001:000645B0       EOleException.Create
 0001:000644E0       EOleSysError.Create
 0001:000062EC       EqualRect
 0002:00002754       EraNames
 0001:0000A710       EraToYear
 0002:00002770       EraYearOffsets
 0002:0000008C       errCaption
 0001:000178BC       Error
 0001:00052684       Error
 0001:0001B348       Error
 0001:000018C8       Error
 0002:00000004       ErrorAddr
 0001:0000187C       ErrorAt
 0001:0000B820       ErrorHandler
 0002:00000248       ErrorMap
 0002:00002008       ErrorProc
 0002:000023E8       ErrOutput
 0001:0000181C       ExceptAddr
 0002:0000200C       ExceptClsProc
 0001:0000BC94       ExceptHandler
 0001:0000B5A0       Exception.Create
 0001:0000B5DC       Exception.CreateFmt
 0001:0000B72C       Exception.CreateHelp
 0001:0000B65C       Exception.CreateRes
 0001:0000B698       Exception.CreateResFmt
 0002:0000201C       ExceptionClass
 0001:0000B350       ExceptionErrorMessage
 0002:00000280       ExceptMap
 0001:000017FC       ExceptObject
 0002:00002010       ExceptObjProc
 0002:00002004       ExceptProc
 0001:00006014       ExcludeClipRect
 0002:00000000       ExitCode
 0001:0000363C       ExitDll
 0002:00002048       ExitProc
 0001:000002CC       ExitProcess
 0002:00002028       ExitProcessProc
 0002:0000015C       ExitProcList
 0001:000002C4       ExitThread
 0001:00008448       ExpandFileName
 0001:00030500       ExtActns
 0001:0002FC14       ExtCtrls
 0001:0002FEB0       ExtDlgs
 0001:00008400       ExtractFileExt
 0001:000083C8       ExtractFileName
 0001:00008394       ExtractFilePath
 0002:00002790       FalseBoolStrs
 0002:00002C14       FCheckHeight
 0002:00002C10       FCheckWidth
 0002:00002AC0       FClipboard
 0002:00000190       FCon1E18
 0002:00002C74       FContentParsers
 0001:0000829C       FileAge
 0001:00008294       FileClose
 0001:000081D8       FileCreate
 0001:000081FC       FileCreate
 0001:00008304       FileExists
 0002:0000080C       FileFormats
 0002:0000000C       FileMode
 0001:00001C7C       FileNOPProc
 0001:00008180       FileOpen
 0001:00008204       FileRead
 0002:0000051C       FilerSignature
 0001:0000825C       FileSeek
 0001:00005D5C       FileTimeToDosDateTime
 0001:00005D64       FileTimeToLocalFileTime
 0001:00008230       FileWrite
 0001:00000D38       FillAfterGap
 0001:00000CE4       FillBeforeGap
 0001:00000DD0       FillerSizeAfterGap
 0001:00000D60       FillerSizeBeforeGap
 0001:000062F4       FillRect
 0001:0002FE20       Finalization
 0001:0002C2D4       Finalization
 0001:0002A418       Finalization
 0001:0007C3EC       Finalization
 0001:000145A4       Finalization
 0001:0007C480       Finalization
 0001:000641E4       Finalization
 0001:0004FFDC       Finalization
 0001:00014368       Finalization
 0001:0003E018       Finalization
 0001:000303F4       Finalization
 0001:0003D394       Finalization
 0001:0003D22C       Finalization
 0001:00036810       Finalization
 0001:0002D788       Finalization
 0001:000640C0       Finalization
 0001:00030508       Finalization
 0001:000516E4       Finalization
 0001:0002B400       Finalization
 0001:0002B448       Finalization
 0001:0002B480       Finalization
 0001:0000D5C0       Finalization
 0001:0002FD50       Finalization
 0001:000304B0       Finalization
 0001:0002B950       Finalization
 0001:0002B7A4       Finalization
 0001:00067728       Finalization
 0001:00030458       Finalization
 0001:00067790       Finalization
 0001:00005BD0       Finalization
 0001:000680F0       Finalization
 0001:00067FD4       Finalization
 0001:00067F9C       Finalization
 0001:0002FBCC       Finalization
 0001:0002FCBC       Finalization
 0001:00067F64       Finalization
 0001:0002FC84       Finalization
 0001:00067EE0       Finalization
 0001:0002C504       Finalization
 0001:00035B80       Finalization
 0001:0004ECAC       Finalization
 0001:00064224       Finalization
 0001:0002C4CC       Finalization
 0001:000295DC       Finalization
 0001:000297BC       Finalization
 0001:00057C60       Finalization
 0001:0002C494       Finalization
 0001:0002C45C       Finalization
 0001:0000693C       Finalization
 0001:0000DF94       Finalization
 0001:00006974       Finalization
 0001:0002C344       Finalization
 0001:00005B40       Finalization
 0001:0002A3D8       Finalization
 0001:00015874       Finalization
 0001:00006C94       Finalization
 0001:0002C37C       Finalization
 0001:000209F8       Finalization
 0001:00020594       Finalization
 0001:0006529C       Finalization
 0001:000774E0       Finalization
 0001:0002FED0       Finalization
 0001:0006425C       Finalization
 0001:00029C58       Finalization
 0001:00064294       Finalization
 0001:000642EC       Finalization
 0001:0002FE80       Finalization
 0001:00065184       Finalization
 0001:00005910       Finalization
 0001:0002C424       Finalization
 0001:00029AC8       Finalization
 0001:0002C3EC       Finalization
 0001:0002C3B4       Finalization
 0001:0001574C       Finalization
 0001:00004A0C       FinalizeArray
 0001:00003470       FinalizeUnits
 0001:00056404       Find
 0001:00004DD8       FindBS
 0001:00017DD8       FindClass
 0001:00004D60       FindClassHInstance
 0001:00005D6C       FindClose
 0001:000002DC       FindClose
 0001:0000CB2C       FindCmdLineSwitch
 0001:00000CB4       FindCommitted
 0001:0004030C       FindControl
 0001:0004CB20       FindControlAtPos
 0001:000141C0       FindCustomVariantType
 0001:00014278       FindCustomVariantType
 0001:00041CD8       FindDragTarget
 0001:0001C564       FindExistingComponent
 0001:00005D74       FindFirstFile
 0001:000002E4       FindFirstFile
 0001:00059DE8       FindGlobalComponent
 0001:000181C4       FindGlobalComponent
 0002:00002864       FindGlobalComponentProcs
 0001:00004D38       FindHInstance
 0001:0001806C       FindIdentToInt
 0002:00002A80       FindMsg
 0001:0001B6F4       FindNestedComponent
 0001:0005264C       FindPopupControl
 0001:0000DC5C       FindProc
 0001:00005D7C       FindResource
 0001:00004DB0       FindResourceHInstance
 0001:00063914       FindScanline
 0001:00067460       FindSwitch
 0001:00059D40       FindTopMostWindow
 0001:0001D448       FindUniqueName
 0001:00041CA4       FindVCLWindow
 0001:000062FC       FindWindow
 0001:0003DDF8       FindWinHelp
 0001:00026B98       FixupBitFields
 0002:00000E98       Flags
 0002:000027A0       FLanguages
 0001:0002B7D4       FlatSB
 0002:00002950       FlatSB_EnableScrollBar
 0002:0000295C       FlatSB_GetScrollInfo
 0002:00002960       FlatSB_GetScrollPos
 0002:00002958       FlatSB_GetScrollRange
 0002:00002968       FlatSB_SetScrollInfo
 0002:00002964       FlatSB_SetScrollPos
 0001:0002B4C4       FlatSB_SetScrollProp
 0002:0000296C       FlatSB_SetScrollRange
 0002:00002954       FlatSB_ShowScrollBar
 0001:00008FEC       FloatToDecimal
 0001:0000932C       FloatToStr
 0001:00008D18       FloatToText
 0001:00001F48       Flush
 0002:000001A4       FMSecsPerDay
 0001:00008C14       FmtStr
 0002:000010F8       fName
 0002:000010F4       fName
 0002:000010FC       fName
 0002:00000EB4       FocusCount
 0002:00000EB0       FocusMessages
 0002:00000728       FontCharsets
 0002:000028E0       FontManager
 0001:00059DBC       ForegroundTask
 0002:00002EB0       form1
 0002:000001AC       Format
 0001:00008C00       Format
 0001:00008808       FormatBuf
 0001:000087FC       FormatClearStr
 0001:0000A498       FormatDateTime
 0001:00008780       FormatError
 0002:00000188       FormatErrorStrs
 0001:00005D84       FormatMessage
 0001:000087D8       FormatVarToStr
 0001:0006411C       Forms
 0002:00002EA8       FormTraceList
 0001:000025DC       FPower10
 0002:0000085C       FPrinter
 0001:0002EA14       Frame3D
 0001:00006304       FrameRect
 0001:0000D1A0       FreeAndNil
 0001:00000A20       FreeCommitted
 0001:00000F40       FreeCurAlloc
 0001:00041D98       FreeDeviceContext
 0001:00041E54       FreeDeviceContexts
 0001:0001FD40       FreeIntConstList
 0001:000002EC       FreeLibrary
 0001:00005D8C       FreeLibrary
 0001:000266F4       FreeMemoryContexts
 0001:00020494       FreeObjectInstance
 0001:00005DAC       FreeResource
 0001:000006A0       FreeSpace
 0001:0000CD0C       FreeTerminateProcs
 0001:0002B988       FreeThemeLibrary
 0002:00002B20       FRichEditModule
 0001:00023AAC       GDICheck
 0001:00023A04       GDIError
 0001:00001B7C       Get8087CW
 0001:00005DB4       GetACP
 0001:0000630C       GetActiveWindow
 0001:000615E8       GetAnimation
 0001:0002C918       GetAveCharSize
 0001:0000601C       GetBitmapBits
 0001:00000420       GetBlockDesc
 0001:00075E2C       getBool
 0001:00006024       GetBrushOrgEx
 0001:00006314       GetCapture
 0001:000405D4       GetCaptureControl
 0001:00064160       GetCheckSize
 0001:00017D84       GetClass
 0001:0000631C       GetClassInfo
 0001:00006324       GetClassName
 0001:0000632C       GetClientRect
 0001:00006334       GetClipboardData
 0001:00025444       GetClipboardFormats
 0001:0000602C       GetClipBox
 0001:000003BC       GetCmdShow
 0001:000501AC       GetColor
 0001:000324B8       GetComCtlVersion
 0001:000002F4       GetCommandLine
 0001:0000086C       GetCommitted
 0001:000008FC       GetCommittedAt
 0001:0004755C       GetControlAtPos
 0001:00009948       GetCount
 0001:00005DBC       GetCPInfo
 0001:00006034       GetCurrentPositionEx
 0001:00005DC4       GetCurrentProcessId
 0002:00002A34       GetCurrentThemeName
 0001:000003AC       GetCurrentThreadId
 0001:00005DCC       GetCurrentThreadId
 0001:00006700       GetCurrentTime
 0001:0000633C       GetCursor
 0001:00063924       GetCursorHeightMargin
 0001:00006344       GetCursorPos
 0001:00009974       GetDate
 0001:00005DD4       GetDateFormat
 0001:0000A628       GetDateOrder
 0001:0000634C       GetDC
 0001:00006354       GetDCEx
 0001:0000603C       GetDCOrgEx
 0001:000291EC       GetDefFontCharSet
 0001:0006A444       getDelimStrings
 0001:00018ED0       GetDesigner
 0001:0000635C       GetDesktopWindow
 0001:00006054       GetDeviceCaps
 0001:00024A0C       GetDIB
 0001:00006044       GetDIBColorTable
 0001:0000604C       GetDIBits
 0001:00024954       GetDIBSizes
 0001:00023C1C       GetDInColors
 0001:00005DDC       GetDiskFreeSpaceA
 0002:00000158       GetDiskFreeSpaceEx
 0001:0004DDD8       GetDockAlign
 0001:00040F7C       GetDockSiteAtPos
 0001:000412A8       GetDropCtl
 0001:00002C64       GetDynaMethod
 0001:0000605C       GetEnhMetaFileBits
 0001:00006064       GetEnhMetaFileHeader
 0001:0000606C       GetEnhMetaFilePaletteEntries
 0001:000149AC       GetEnumName
 0001:00014A84       GetEnumNameValue
 0001:00014D00       GetEnumProp
 0001:00014AD0       GetEnumValue
 0001:0000B06C       GetEraNamesAndYearOffsets
 0001:0000A6BC       GetEraYearOffset
 0001:00015860       GetErrorInfo
 0001:0000B9E4       GetExceptionClass
 0001:0000BBC8       GetExceptionObject
 0001:00005DE4       GetExitCodeThread
 0001:00017D0C       GetFieldClassTable
 0001:00025424       GetFileFormats
 0001:0000026C       GetFileSize
 0001:00000264       GetFileType
 0001:0000BE38       GetFileVersion
 0001:00005F7C       GetFileVersionInfo
 0001:00005F84       GetFileVersionInfoSize
 0001:00015298       GetFloatProp
 0001:00006364       GetFocus
 0001:00022518       GetFontData
 0001:0000636C       GetForegroundWindow
 0001:0000C680       GetFormatSettings
 0001:00005DEC       GetFullPathName
 0001:00021A84       GetHashCode
 0001:0005EB60       GetHelpInfo
 0001:0002A898       GetHelpSystem
 0001:000613CC       GetHint
 0001:00061404       GetHintControl
 0001:00057B00       GetHotkey
 0001:00006374       GetIconInfo
 0001:00064CC8       GetIDsOfNames
 0001:00015674       GetInt64Prop
 0001:0006A1E8       getInternalTraceForm
 0001:0000638C       GetKeyboardLayout
 0001:00006394       GetKeyboardLayoutList
 0001:0000639C       GetKeyboardState
 0001:000028C8       GetKeyboardType
 0001:0000637C       GetKeyNameText
 0001:00006384       GetKeyState
 0001:000063A4       GetLastActivePopup
 0001:0004C0A0       GetLastChildZone
 0001:000002FC       GetLastError
 0001:00005DF4       GetLastError
 0001:0000AE30       GetLocaleChar
 0001:00000304       GetLocaleInfo
 0001:00005E04       GetLocaleInfo
 0001:0000ADE4       GetLocaleStr
 0001:00005DFC       GetLocalTime
 0001:00040590       GetLongHint
 0001:00014F40       GetLongStrProp
 0001:00070558       GetMemberDoc
 0001:000063AC       GetMenu
 0001:0005EAE8       GetMenuHelpContext
 0001:000063B4       GetMenuItemCount
 0001:000063BC       GetMenuItemID
 0001:000063C4       GetMenuItemInfo
 0001:00054C50       GetMenuSize
 0001:000063CC       GetMenuState
 0001:000063D4       GetMenuString
 0001:000063DC       GetMessage
 0002:00002EA4       getMessageList
 0001:0000030C       GetModuleFileName
 0001:00005E0C       GetModuleFileName
 0001:00000314       GetModuleHandle
 0001:00005A38       GetModuleHandle
 0001:00005E14       GetModuleHandle
 0002:00002918       GetMonitorInfo
 0002:0000291C       GetMonitorInfoA
 0002:00002920       GetMonitorInfoW
 0001:0000AE94       GetMonthDayNames
 0001:000063E4       GetNextWindow
 0001:00006074       GetObject
 0001:00014C30       GetOrdProp
 0001:0000607C       GetPaletteEntries
 0001:000019B4       GetParamStr
 0001:000063EC       GetParent
 0001:00059FB4       GetParentForm
 0001:00006084       GetPixel
 0001:00005E1C       GetProcAddress
 0001:0000031C       GetProcAddress
 0001:000063F4       GetProp
 0001:0006FB94       GetProperty
 0001:000704C4       GetProperty
 0001:00014BA4       GetPropInfo
 0001:00014714       GetPropInfo
 0001:00014B34       GetPropInfo
 0001:000146F4       GetPropInfo
 0001:00014BDC       GetPropInfos
 0001:00069704       GetPropList
 0001:00014734       GetPropValue
 0001:0005A474       GetRealScrollPosition
 0001:0005018C       GetRGBColor
 0001:000063FC       GetScrollInfo
 0001:00006404       GetScrollPos
 0001:0000640C       GetScrollRange
 0001:00014D24       GetSetProp
 0001:0004054C       GetShortHint
 0001:00014E38       GetShortStrProp
 0001:00014ED0       GetShortStrPropAsLongStr
 0001:000005C4       GetSpace
 0001:00000628       GetSpaceAt
 0001:000526DC       GetSpecialName
 0001:00000324       GetStartupInfo
 0001:00000274       GetStdHandle
 0001:00005E24       GetStdHandle
 0001:0000608C       GetStockObject
 0001:00005E2C       GetStringTypeEx
 0001:00005E34       GetStringTypeExA
 0001:00015070       GetStrProp
 0001:00006414       GetSubMenu
 0001:0000641C       GetSysColor
 0001:00006424       GetSysColorBrush
 0001:00005E3C       GetSystemInfo
 0001:0000642C       GetSystemMenu
 0001:00006434       GetSystemMetrics
 0002:00002908       GetSystemMetrics
 0001:00006094       GetSystemPaletteEntries
 0001:000060A4       GetTextExtentPoint
 0001:0000609C       GetTextExtentPoint32
 0001:000060AC       GetTextMetrics
 0002:00002A2C       GetThemeAppProperties
 0002:00002998       GetThemeBackgroundContentRect
 0002:0000299C       GetThemeBackgroundExtent
 0002:000029AC       GetThemeBackgroundRegion
 0002:000029D0       GetThemeBool
 0002:000029C4       GetThemeColor
 0002:00002A38       GetThemeDocumentationProperty
 0002:000029D8       GetThemeEnumValue
 0002:000029F8       GetThemeFilename
 0002:000029E0       GetThemeFont
 0002:000029D4       GetThemeInt
 0002:000029EC       GetThemeIntList
 0002:000029E8       GetThemeMargins
 0002:000029C8       GetThemeMetric
 0002:000029A0       GetThemePartSize
 0002:000029DC       GetThemePosition
 0002:000029F0       GetThemePropertyOrigin
 0002:000029E4       GetThemeRect
 0002:000029CC       GetThemeString
 0002:00002A04       GetThemeSysBool
 0002:000029FC       GetThemeSysColor
 0002:00002A00       GetThemeSysColorBrush
 0002:00002A0C       GetThemeSysFont
 0002:00002A14       GetThemeSysInt
 0002:00002A08       GetThemeSysSize
 0002:00002A10       GetThemeSysString
 0002:000029A4       GetThemeTextExtent
 0002:000029A8       GetThemeTextMetrics
 0001:00005E44       GetThreadLocale
 0001:0000032C       GetThreadLocale
 0001:00005E4C       GetTickCount
 0001:000099AC       GetTime
 0001:00005A64       GetTlsSize
 0001:00061B98       GetTopMostWindows
 0001:000406DC       GetTopParent
 0001:0000643C       GetTopWindow
 0001:000149A0       GetTypeData
 0001:000135DC       GetVarDataArrayInfo
 0001:000155BC       GetVariantProp
 0001:00005E54       GetVersion
 0001:000003B4       GetVersion
 0001:00005E5C       GetVersionEx
 0001:000150DC       GetWideStrProp
 0001:00014FC0       GetWideStrPropAsLongStr
 0001:00006444       GetWindow
 0001:0000644C       GetWindowDC
 0001:00006454       GetWindowLong
 0001:000060BC       GetWindowOrgEx
 0001:0000645C       GetWindowPlacement
 0001:00006464       GetWindowRect
 0001:0000646C       GetWindowText
 0002:00002A20       GetWindowTheme
 0001:0000647C       GetWindowThreadProcessId
 0001:00006474       GetWindowThreadProcessId
 0001:000060B4       GetWinMetaFileBits
 0001:00005E64       GlobalAddAtom
 0001:00005E6C       GlobalAlloc
 0001:0000670C       GlobalAllocPtr
 0001:00005E74       GlobalDeleteAtom
 0001:00005E7C       GlobalFindAtom
 0002:00002868       GlobalFixupList
 0001:0001B83C       GlobalFixupReferences
 0001:00005E84       GlobalFree
 0001:00006738       GlobalFreePtr
 0001:00005E94       GlobalHandle
 0001:00005E8C       GlobalLock
 0002:0000284C       GlobalNameSpace
 0001:00005E9C       GlobalReAlloc
 0001:0000671C       GlobalReAllocPtr
 0001:00005EA4       GlobalUnlock
 0001:000296B0       Graphics
 0001:000642C4       Grids
 0002:00000B48       GripStyles
 0001:00017F00       GroupDescendentsWith
 0001:0006467C       GUIDToString
 0002:000004E4       GUID_NULL
 0001:0000EA74       HandleConversionException
 0001:0005ED68       HandleEdge
 0001:0001CCA0       HandleException
 0002:00000028       HeapAllocFlags
 0002:000025C8       heapErrorCode
 0002:000025CC       heapLock
 0001:0002B440       HelpIntfs
 0002:00002944       HelpManager
 0002:00002A7C       HelpMsg
 0002:00002B44       HelpViewer
 0002:00002B48       HelpViewerIntf
 0002:00000154       HexDisplayPrefix
 0002:00000BF4       HideSelections
 0001:0004DE54       HideZone
 0001:00067A30       HIMETRICtoDP
 0002:00002668       HInstance
 0002:00002C00       HintDoneEvent
 0001:000614D4       HintGetMsgHook
 0002:00002C04       HintHook
 0001:00061478       HintMouseThread
 0002:00002C08       HintThread
 0002:00002BFC       HintThreadID
 0001:00061424       HintTimerProc
 0002:00000EA8       HintWindowClass
 0002:000029B0       HitTestThemeBackground
 0001:00061518       HookHintHooks
 0001:0006A2F0       HtmlEncode
 0001:00068154       HTTPApp
 0001:00006844       HwndMSWheel
 0002:00000E3C       IBreaks
 0002:00000E48       IChecks
 0002:0000087C       IconIDs
 0002:00000E50       IDefaults
 0001:00022508       IdentToCharset
 0001:00022300       IdentToColor
 0001:0004053C       IdentToCursor
 0001:000180E8       IdentToInt
 0002:00000E58       IEnables
 0001:000559F4       IfHotkeyAvailable
 0002:00002BD8       ImageListWriteExProc
 0001:00029BB4       ImageList_Add
 0001:00029BD4       ImageList_AddIcon
 0001:00029BF8       ImageList_BeginDrag
 0001:00029B9C       ImageList_Create
 0001:00029BA4       ImageList_Destroy
 0001:00029C08       ImageList_DragEnter
 0001:00029C10       ImageList_DragLeave
 0001:00029C18       ImageList_DragMove
 0001:00029C28       ImageList_DragShowNolock
 0001:00029BE0       ImageList_Draw
 0001:00029BE8       ImageList_DrawEx
 0001:00029C00       ImageList_EndDrag
 0001:00029BCC       ImageList_GetBkColor
 0001:00029C30       ImageList_GetDragImage
 0001:00029C48       ImageList_GetIconSize
 0001:00029BAC       ImageList_GetImageCount
 0001:00029C38       ImageList_Read
 0001:00029BF0       ImageList_Remove
 0001:00029BBC       ImageList_ReplaceIcon
 0001:00029BC4       ImageList_SetBkColor
 0001:00029C20       ImageList_SetDragCursorImage
 0001:00029C50       ImageList_SetIconSize
 0001:00029C40       ImageList_Write
 0002:00000DAC       Images
 0001:00051714       ImgList
 0001:0002A448       Imm
 0002:00000D90       IMM32DLL
 0001:0004EA44       Imm32IsIME
 0002:000001A8       IMSecsPerDay
 0001:0000EB60       InBounds
 0001:0000EE00       InBounds
 0001:0000EE30       Increment
 0001:0000EB90       Increment
 0001:00006484       InflateRect
 0001:0002FF18       IniFiles
 0001:00000AAC       InitAllocator
 0001:00029C90       InitAnApi
 0002:00002930       InitApis
 0001:000676D4       InitApplication
 0001:00029B08       InitComCtl
 0001:0003248C       InitCommonControl
 0001:00029B00       InitCommonControls
 0001:00029B68       InitCommonControlsEx
 0001:0006510C       InitComObj
 0001:00018390       InitComponent
 0002:00002638       InitContext
 0001:0004EAE0       InitControls
 0001:00029230       InitDefFontData
 0001:0000CD2C       InitDriveSpacePtr
 0001:0000BCA4       InitExceptions
 0001:0002B520       InitFlatSB
 0001:0002D634       InitGlobals
 0001:0002480C       InitializeBitmapInfoHeader
 0001:00000400       InitializeCriticalSection
 0001:00005EAC       InitializeCriticalSection
 0002:000025C4       initialized
 0001:0002B4F8       InitializeFlatSB
 0001:00005AF0       InitializeModule
 0001:0000DC88       InitializeVarUtils
 0001:0004E6E4       InitIMM32
 0001:00018438       InitInheritedComponent
 0001:0000C494       InitLeadBytes
 0001:0002A36C       InitMultiMonStubs
 0001:00067D80       InitOlePro32
 0001:0000BDA8       InitPlatformId
 0002:00002044       InitProc
 0001:00064034       InitProcs
 0001:000291B4       InitScreenLogPixels
 0001:0000C50C       InitSysLocale
 0001:0002BB48       InitThemeLibrary
 0001:0001E5AC       InitThreadSynchronization
 0001:00005A6C       InitThreadTLS
 0001:000034D0       InitUnits
 0001:00040220       InitWndProc
 0002:00000D30       InnerStyles
 0001:00001904       InOutError
 0002:00002050       Input
 0001:00045D98       InsertBefore
 0001:00060EFC       InsertBefore
 0001:00000EB8       InsertFree
 0001:00055AA8       InsertHotkeyFarEastFormat
 0001:0000648C       InsertMenu
 0001:00006494       InsertMenuItem
 0001:00066D98       InstallService
 0002:00002888       InstBlockList
 0002:0000288C       InstFreeList
 0002:0000285C       IntConstList
 0001:000003A4       InterlockedDecrement
 0001:0000CD94       InterlockedDecrement
 0001:00005D94       InterlockedDecrement
 0001:00005D9C       InterlockedExchange
 0001:0000CDA0       InterlockedExchange
 0001:0000CDA8       InterlockedExchangeAdd
 0001:0000CD88       InterlockedIncrement
 0001:0000039C       InterlockedIncrement
 0001:00005DA4       InterlockedIncrement
 0001:00001CBC       InternalClose
 0001:00021A10       InternalDeletePalette
 0001:00001F00       InternalFlush
 0001:00000D14       InternalFreeMem
 0001:0002495C       InternalGetDIB
 0001:000248F0       InternalGetDIBSizes
 0001:00018228       InternalReadComponentRes
 0002:00002B2C       InternalServices
 0001:00003D38       InternalUniqueString
 0001:000060C4       IntersectClipRect
 0001:0000649C       IntersectRect
 0001:00007F10       IntToHex
 0001:00018128       IntToIdent
 0001:00007EE8       IntToStr
 0001:00007DFC       IntToStr
 0001:000064A4       InvalidateRect
 0001:0002398C       InvalidBitmap
 0001:00023974       InvalidGraphic
 0001:00023998       InvalidIcon
 0001:000239A4       InvalidMetafile
 0001:0002395C       InvalidOperation
 0001:00067B48       InvalidOperation
 0001:00017294       InvalidPoint
 0002:0000279C       InvalidPointer
 0001:00002B14       InvokeImplGetter
 0001:00001954       IOResult
 0002:00000E78       IOwnerDraw
 0002:00000E60       IRadios
 0002:00000E70       IRTL
 0001:00059F44       IsAccel
 0001:00056C58       IsAccelChar
 0002:00002A1C       IsAppThemed
 0001:00040D34       IsBeforeTargetWindow
 0001:000064AC       IsChild
 0002:0000204C       IsConsole
 0001:00041190       IsDelphiHandle
 0001:000064B4       IsDialogMessage
 0001:000139E0       IsDynArrayRectangular
 0002:00000E68       ISeparators
 0001:000064BC       IsIconic
 0001:00056CB4       IsInitialChar
 0001:0000956C       IsLeapYear
 0002:00002038       IsLibrary
 0002:0000204D       IsMultiThread
 0001:0004BB04       IsOrientationSet
 0001:000064C4       IsRectEmpty
 0001:00030014       IsRelative
 0001:00040F38       IsSiteChildOfClient
 0002:00002A18       IsThemeActive
 0002:000029C0       IsThemeBackgroundPartiallyTransparent
 0002:00002A28       IsThemeDialogTextureEnabled
 0002:000029BC       IsThemePartDefined
 0001:00018204       IsUniqueGlobalComponentName
 0002:00002850       IsUniqueGlobalComponentNameProc
 0001:00007D4C       IsValidIdent
 0001:0000C4F4       IsWesternGroup
 0001:000064CC       IsWindow
 0001:000064D4       IsWindowEnabled
 0001:000064DC       IsWindowVisible
 0001:000064E4       IsZoomed
 0001:00052AA8       Iterate
 0001:00052B08       IterateMenus
 0002:00000030       JITEnable
 0001:00059EF8       KeyboardStateToShiftState
 0001:00059EBC       KeyDataToShiftState
 0001:00059E68       KeysToShiftState
 0001:000064EC       KillTimer
 0001:00008344       LastDelimiter
 0002:0000103C       LastStatus
 0002:000010F0       lastTest
 0001:0000C420       LCIDToCodePage
 0001:0000589C       LCIDToCodePage
 0002:00000134       LeadBytes
 0001:00000410       LeaveCriticalSection
 0001:00005EB4       LeaveCriticalSection
 0002:0000003C       LibModuleList
 0001:000060D4       LineTo
 0001:00030538       ListActns
 0001:00041D20       ListAdd
 0001:00041D48       ListRemove
 0002:00002752       ListSeparator
 0001:000064F4       LoadBitmap
 0001:000696C8       LoadCharTypes
 0001:0006474C       LoadComExProcs
 0001:00075E84       LoadConfig
 0001:000064FC       LoadCursor
 0001:00006504       LoadIcon
 0001:0000650C       LoadKeyboardLayout
 0001:00005EBC       LoadLibrary
 0001:00000334       LoadLibraryEx
 0001:00005EC4       LoadResource
 0001:00004FA4       LoadResourceModule
 0001:00005844       LoadResString
 0001:00006514       LoadString
 0001:0000033C       LoadString
 0001:000003E0       LocalAlloc
 0001:00005A40       LocalAlloc
 0001:000003E8       LocalFree
 0001:0000AE58       LocalGetLocaleStr
 0002:00002A50       Lock
 0001:00005ECC       LockResource
 0002:00002694       LongDateFormat
 0002:00002728       LongDayNames
 0002:000026DC       LongMonthNames
 0002:000026A8       LongTimeFormat
 0001:00007980       LowerCase
 0001:000060CC       LPtoDP
 0001:00005F74       lstrcpy
 0001:00000344       lstrcpyn
 0002:00002824       LVarTypes
 0002:00002828       LVarTypeSync
 0002:00002030       MainInstance
 0002:00002034       MainThreadID
 0001:00000470       MakeEmpty
 0001:000035E0       MakeErrorMessage
 0002:00000D7C       MakeLast
 0001:000066F4       MakeLong
 0001:000203FC       MakeObjectInstance
 0001:0000674C       MakeROP4
 0001:00006784       MakeWParam
 0001:0000B964       MapException
 0001:000304A8       Mapi
 0002:00000ADC       MAPIDLL
 0002:00000AE0       MAPIModule
 0001:000032E8       MapToRunError
 0001:0000651C       MapVirtualKey
 0001:00006524       MapWindowPoints
 0001:0006428C       Mask
 0002:00000DB4       Mask
 0001:000060DC       MaskBlt
 0001:00067F94       Masks
 0001:00064254       MaskUtils
 0001:000297EC       Math
 0001:000297B4       Max
 0001:0005C7FC       MaximizedChildren
 0002:00000044       MemoryManager
 0002:00000DD0       MenuKeyCaps
 0001:00057CD0       Menus
 0001:000004C0       MergeBlockAfter
 0001:00000F8C       MergeCommit
 0001:0000652C       MessageBeep
 0001:00006534       MessageBox
 0001:000002D4       MessageBox
 0001:0002D560       MessageDlg
 0001:0002D580       MessageDlgPosHelp
 0001:000069A4       Messages
 0001:00073148       MethodSyntax
 0001:00018AF4       Min
 0001:000297AC       Min
 0001:000455CC       MinVar
 0002:00002938       MMAvailable
 0002:000008E8       ModalResults
 0002:00000D94       ModeMap
 0001:0005E4F4       ModifySystemMenu
 0002:000000CC       Module
 0002:00002665       ModuleIsCpp
 0002:00002664       ModuleIsLib
 0001:0001FDAC       ModuleUnload
 0002:00000040       ModuleUnloadList
 0002:00002914       MonitorFromPoint
 0002:00002910       MonitorFromRect
 0002:0000290C       MonitorFromWindow
 0002:00000104       MonthDays
 0002:00001060       Months
 0002:00002B4C       Mouse
 0001:00001974       Move
 0001:000060E4       MoveToEx
 0001:00041D68       MoveWindowOrg
 0002:00002E8C       MsgThread
 0001:0000653C       MsgWaitForMultipleObjects
 0001:00005ED4       MulDiv
 0001:00000354       MultiByteToWideChar
 0001:00005EDC       MultiByteToWideChar
 0002:00002EC8       MulticolWintrace
 0001:00063AD8       MultiLineWidth
 0001:0002A408       MultiMon
 0002:00002EC0       myWinTrace
 0002:00002EC4       MyWinWatch
 0002:00002C38       NeedToUninitialize
 0002:00002689       NegCurrFormat
 0001:00001018       NewCommit
 0001:00001044       NewCommitAt
 0002:00002B50       NewStyleControls
 0001:0000C218       NextCharIndex
 0001:0004BAE8       NextVisibleZone
 0002:00000520       NilMethod
 0002:00000034       NoErrMsg
 0001:000538BC       NormalDraw
 0001:00002EA0       NotifyAnyExcept
 0001:00018F68       NotifyDesigner
 0001:00002E74       NotifyExcept
 0001:00002ED4       NotifyExceptFinally
 0001:00018304       NotifyGlobalLoading
 0001:000052A4       NotifyModuleUnload
 0001:00002E50       NotifyNonDelphiException
 0001:00002E8C       NotifyOnExcept
 0001:00002E34       NotifyReRaise
 0001:00002EFC       NotifyTerminate
 0001:00002F18       NotifyUnhandled
 0001:00009834       Now
 0002:0000102C       NTErrorSeverity
 0001:00056634       NthParentOf
 0002:00001040       NTServiceStatus
 0002:0000100C       NTServiceType
 0002:00001018       NTStartType
 0001:00014360       Null
 0002:0000044C       NullAsStringValue
 0002:00000448       NullStrictConvert
 0001:000402D8       ObjectFromHWnd
 0002:00000BFC       OEMConverts
 0001:00006544       OemToAnsi
 0001:00005B9C       OffsetRect
 0001:0000654C       OffsetRect
 0001:00064664       OleCheck
 0001:00064648       OleError
 0001:00067E70       OleLoadPicture
 0002:00002C50       OlePro32DLL
 0001:00004748       OleStrToStrVar
 0002:00002C2C       OleUninitializing
 0001:00006554       OpenClipboard
 0001:0000222C       OpenFile
 0001:00065274       OpenSCManager
 0001:0006527C       OpenService
 0001:00001BD0       OpenText
 0002:00002988       OpenThemeData
 0002:00000D74       OrientArray
 0002:00000D40       OuterStyles
 0002:00002798       OutOfMemory
 0001:000239B0       OutOfResources
 0002:0000221C       Output
 0001:00005EE4       OutputDebugString
 0002:00000450       PackVarCreation
 0002:0000081C       Pal16
 0001:00021DF4       PaletteChanged
 0001:0002419C       PaletteFromDIBColorTable
 0001:00024240       PaletteToDIBColorTable
 0002:00000818       PalSize
 0001:00001AA0       ParamCount
 0001:00072FAC       ParamsToString
 0001:00001B00       ParamStr
 0001:0004BECC       ParentNotLast
 0002:00000BD8       Passwords
 0001:000060EC       PatBlt
 0002:000028F0       PatternManager
 0001:0000655C       PeekMessage
 0002:0000105C       PendingStatus
 0002:000028E4       PenManager
 0002:000007E8       PenModes
 0002:000007C8       PenStyles
 0001:000060F4       PlayEnhMetaFile
 0001:00005B94       Point
 0001:0001721C       Point
 0001:00017654       PointerInModule
 0001:00046F7C       PointsEqual
 0001:0000676C       PointToSmallPoint
 0001:000060FC       Polyline
 0002:00002BDC       PopupList
 0001:00006564       PostMessage
 0001:0000656C       PostQuitMessage
 0001:0002B4BC       Printers
 0001:0005FC08       ProcessExecute
 0001:0005A174       ProcessHorz
 0001:0005FD08       ProcessUpdate
 0001:0005A1E0       ProcessVert
 0001:000646A8       ProgIDToClassID
 0001:000146C8       PropertyNotFound
 0001:0001BB38       PropertyNotFound
 0001:0001CDA0       PropPathError
 0002:00000ED8       Props
 0001:0001BB2C       PropValueError
 0001:00006574       PtInRect
 0002:000000C8       PtrToNil
 0001:00008CD4       PutExponent
 0002:00002B94       QualifyingSites
 0001:0000B920       RaiseAssertException
 0001:0001AB4C       RaiseException
 0001:0000027C       RaiseException
 0001:00064DA8       RaiseException
 0001:00005EEC       RaiseException
 0002:00002014       RaiseExceptionProc
 0001:0000CC44       RaiseLastOSError
 0001:00064C94       RaiseNameException
 0002:00000008       RandSeed
 0001:0004CC3C       ReadControlName
 0001:0001DFE0       ReadCustomVariant
 0001:0002FFE8       ReadError
 0001:0001BB14       ReadError
 0001:00000284       ReadFile
 0001:00005EF4       ReadFile
 0001:000244EC       ReadIcon
 0002:00000BE0       ReadOnlys
 0001:00006104       RealizePalette
 0001:0001C354       Recover
 0001:00005B78       Rect
 0001:00017244       Rect
 0001:00006114       Rectangle
 0001:0000610C       RectVisible
 0001:0000657C       RedrawWindow
 0002:0000281C       RefAnyProc
 0002:00002A4C       ReferenceCount
 0001:00005CDC       RegCloseKey
 0001:0000035C       RegCloseKey
 0001:00005CE4       RegCreateKeyEx
 0001:00005CEC       RegFlushKey
 0002:00002860       RegGroups
 0001:00006584       RegisterClass
 0001:00017DF8       RegisterClass
 0001:0000658C       RegisterClipboardFormat
 0001:000410D8       RegisterDockSite
 0001:00005D04       RegisterEventSource
 0001:0001816C       RegisterFindGlobalComponentProc
 0001:00018040       RegisterIntegerConsts
 0001:00005300       RegisterModule
 0001:00065284       RegisterServiceCtrlHandler
 0001:0002A814       RegisterViewer
 0001:00006594       RegisterWindowMessage
 0001:0003043C       Registry
 0001:00000364       RegOpenKeyEx
 0001:00005CF4       RegOpenKeyEx
 0001:00005CFC       RegQueryValueEx
 0001:0000036C       RegQueryValueEx
 0001:0002C41C       RegStr
 0001:0000659C       ReleaseCapture
 0001:000065A4       ReleaseDC
 0002:00000050       reMap
 0002:0000261C       remBytes
 0001:00000530       RemoveBlock
 0002:000004FC       RemoveDataModule
 0001:0001B9E4       RemoveFixupReferences
 0001:0001BA90       RemoveFixups
 0001:0001BD88       RemoveGlobalFixup
 0001:000065AC       RemoveMenu
 0001:00005244       RemoveModuleUnloadProc
 0001:0000521C       RemoveModuleUnloadProc
 0001:000065B4       RemoveProp
 0001:0001E638       RemoveThread
 0001:00005D0C       ReportEvent
 0001:00005EFC       ResetEvent
 0001:0001E5F8       ResetSyncEvent
 0001:000014CC       ResizeInPlace
 0001:0000611C       RestoreDC
 0001:00059B14       RestoreFocusState
 0001:0006B0B4       Resume
 0001:00005F04       ResumeThread
 0001:000199E8       ReturnAddr
 0001:0005267C       ReturnAddr
 0001:000185C8       ReturnAddr
 0001:00023F1C       RGBQuadToTriple
 0001:00023EE4       RGBTripleToQuad
 0001:0002C374       RichEdit
 0002:00002B64       RM_GetObjectInstance
 0002:00002BF8       RM_TaskbarCreated
 0002:00002618       rover
 0002:00000B40       RRStyles
 0002:00000AE4       RTFConversionFormat
 0002:00000B04       RTL
 0002:00000AFC       RTL
 0002:00000B0C       RTL
 0001:000145D4       RTLConsts
 0002:00000B50       RTLReading
 0001:0000028C       RtlUnwind
 0002:00002018       RTLUnwindProc
 0002:00000094       runErrMsg
 0001:00001870       RunErrorAt
 0001:0000DC3C       SafeArrayAccessData
 0001:0000DC24       SafeArrayCreate
 0001:00015848       SafeArrayCreate
 0001:00015850       SafeArrayGetElement
 0001:0000DC2C       SafeArrayGetLBound
 0001:0000DC34       SafeArrayGetUBound
 0001:0000DC54       SafeArrayPtrOfIndex
 0001:0000DC4C       SafeArrayPutElement
 0001:00015858       SafeArrayPutElement
 0001:0000DC44       SafeArrayUnaccessData
 0001:00064850       SafeCallError
 0002:00002020       SafeCallErrorProc
 0001:0000D26C       SafeLoadLibrary
 0001:00007A60       SameText
 0001:00006124       SaveDC
 0001:00059B0C       SaveFocusState
 0002:00002C34       SaveInitProc
 0001:0000A4AC       ScanBlanks
 0001:0000A5F0       ScanChar
 0001:0000A76C       ScanDate
 0001:0000A4D0       ScanNumber
 0001:0000A564       ScanString
 0001:0000AAB0       ScanTime
 0001:0000A674       ScanToNumber
 0002:00002BF0       Screen
 0002:0000289C       ScreenLogPixels
 0001:000065BC       ScreenToClient
 0002:00000C20       ScrollBar
 0001:0005A32C       ScrollBarVisible
 0001:000065C4       ScrollWindow
 0001:00001078       SearchSmallBlocks
 0001:0000612C       SelectClipRgn
 0001:00006134       SelectObject
 0001:0000613C       SelectPalette
 0001:00040368       SendAppMessage
 0002:00002C80       SendCallerProc
 0001:00059D7C       SendFocusMessage
 0001:000065CC       SendMessage
 0002:00002C84       SendMethodProc
 0002:00002C7C       SendStackProc
 0002:00000E34       Separators
 0001:00066B38       ServiceMain
 0001:00001B6C       Set8087CW
 0001:000065D4       SetActiveWindow
 0001:00061618       SetAnimation
 0001:00006144       SetBkColor
 0001:0000614C       SetBkMode
 0001:00006154       SetBrushOrgEx
 0001:000065DC       SetCapture
 0001:000405FC       SetCaptureControl
 0001:000065E4       SetClassLong
 0001:000135D0       SetClearVarToEmptyParam
 0001:000065EC       SetClipboardData
 0001:000324F0       SetComCtlStyle
 0001:0001C4C4       SetCompName
 0001:000065F4       SetCursor
 0001:0000615C       SetDIBColorTable
 0001:00000294       SetEndOfFile
 0001:00005F0C       SetEndOfFile
 0001:00006164       SetEnhMetaFileBits
 0001:00005F14       SetErrorMode
 0001:00005F1C       SetEvent
 0001:00003428       SetExceptionHandler
 0001:00005F24       SetFilePointer
 0001:0000029C       SetFilePointer
 0001:000153B0       SetFloatProp
 0001:000065FC       SetFocus
 0001:00006604       SetForegroundWindow
 0001:0004E968       SetImeMode
 0001:000018F4       SetInOutRes
 0001:0001569C       SetInt64Prop
 0001:000156D8       SetInterfaceProp
 0001:0001D080       SetInterfaceReference
 0001:0001CF9C       SetIntIdent
 0002:00000EAC       SetLayeredWindowAttributes
 0001:00014F80       SetLongStrProp
 0001:0000616C       SetMapMode
 0001:0000660C       SetMenu
 0001:00006614       SetMenuItemInfo
 0002:00002EA0       setMessageList
 0001:0001563C       SetMethodProp
 0001:0001CFE4       SetObjectIdent
 0001:00014CA4       SetOrdProp
 0001:0000661C       SetParent
 0001:00006174       SetPixel
 0001:00006624       SetProp
 0001:0000662C       SetRect
 0001:0000617C       SetROP2
 0001:00006634       SetScrollInfo
 0001:0000663C       SetScrollPos
 0001:00006644       SetScrollRange
 0001:0006528C       SetServiceStatus
 0001:00014E7C       SetShortStrProp
 0001:00014EF8       SetShortStrPropAsLongStr
 0001:00006184       SetStretchBltMode
 0001:000150B0       SetStrProp
 0001:0001C2CC       SetSubComponentState
 0001:0000618C       SetTextColor
 0002:00002A30       SetThemeAppProperties
 0001:00005F2C       SetThreadLocale
 0001:0000664C       SetTimer
 0001:00014D50       SetToString
 0001:000135B8       SetVarAsError
 0001:000155FC       SetVariantProp
 0001:0001D024       SetVariantReference
 0001:00006194       SetViewportOrgEx
 0001:000635E8       SetVisible
 0001:000151C4       SetWideStrProp
 0001:00015018       SetWideStrPropAsLongStr
 0001:00006654       SetWindowLong
 0001:000061A4       SetWindowOrgEx
 0001:0000665C       SetWindowPlacement
 0001:00006664       SetWindowPos
[...]
  6516 0001:0007478E  6520 0001:00074793  6522 0001:000747AE  6523 0001:000747B7
  6525 0001:000747C2  6526 0001:000747CB  6527 0001:000747D6  6532 0001:000747DC
  6533 0001:000747FF  6535 0001:0007480E  6537 0001:00074829  6538 0001:00074839
  6539 0001:00074849  6540 0001:00074854  6541 0001:0007488B  6550 0001:00074890
  6551 0001:00074899  6552 0001:0007489E  6553 0001:000748A7  6554 0001:000748B2
  6555 0001:000748BF  6560 0001:000748C8  6562 0001:000748D5  6563 0001:000748DD
  6564 0001:000748E6  6565 0001:000748F8  6566 0001:00074902  6567 0001:00074910
  6568 0001:00074926  6569 0001:00074934  6570 0001:0007493F  6571 0001:00074946
  6567 0001:00074949  6573 0001:0007495B  6575 0001:0007496E  6576 0001:00074976
  6583 0001:0007497C  6584 0001:00074988  6585 0001:00074993  6586 0001:00074999
  6588 0001:000749A6  6589 0001:000749B4  6596 0001:000749B8  6597 0001:000749C4
  6598 0001:000749CD  6599 0001:000749D8  6600 0001:000749E1  6602 0001:000749EC
  6603 0001:00074A00  6606 0001:00074A09  6607 0001:00074A12  6608 0001:00074A24
  6609 0001:00074A2E  6610 0001:00074A3C  6612 0001:00074A56  6614 0001:00074A69
  6624 0001:00074A70  6625 0001:00074A79  6626 0001:00074A82  6627 0001:00074A8D
  6628 0001:00074A9A  6632 0001:00074AA3  6633 0001:00074AAB  6634 0001:00074AB4
  6635 0001:00074AC6  6636 0001:00074AD0  6637 0001:00074ADE  6638 0001:00074AF4
  6639 0001:00074B02  6640 0001:00074B0D  6641 0001:00074B18  6643 0001:00074B1F
  6637 0001:00074B22  6645 0001:00074B34  6647 0001:00074B47  6665 0001:00074B4C
  6666 0001:00074B71  6667 0001:00074B77  6668 0001:00074B96  6670 0001:00074BAC
  6672 0001:00074BD0  6674 0001:00074BFB  6679 0001:00074C00  6680 0001:00074C18
  6681 0001:00074C1F  6682 0001:00074C26  6683 0001:00074C2D  6684 0001:00074C34
  6685 0001:00074C3B  6686 0001:00074C42  6687 0001:00074C4D  6688 0001:00074C57
  6689 0001:00074C67  6696 0001:00074C8C  6701 0001:00074CA4  6704 0001:00074CAD
  6706 0001:00074CB5  6707 0001:00074CBE  6709 0001:00074CC9  6710 0001:00074CD2
  6714 0001:00074CE0  6719 0001:00074CF0  6720 0001:00074CFC  6721 0001:00074D0A
  6722 0001:00074D13  6723 0001:00074D1C  6728 0001:00074D20  6729 0001:00074D2C
  6730 0001:00074D35  6731 0001:00074D3E  6732 0001:00074D47  6738 0001:00074D4C
  6739 0001:00074D58  6740 0001:00074D61  6741 0001:00074D6A  6742 0001:00074D73
  6751 0001:00074D78  6752 0001:00074D7F  6753 0001:00074D87  6754 0001:00074D9A
  6755 0001:00074DAD  6756 0001:00074DC0  6761 0001:00074DC4  6762 0001:00074DCB
  6763 0001:00074DD3  6764 0001:00074DDF  6765 0001:00074DEB  6766 0001:00074DF7
  6786 0001:00074DFC  6787 0001:00074E2A  6789 0001:00074E34  6790 0001:00074E3D
  6796 0001:00074E46  6798 0001:00074E5B  6802 0001:00074E79  6803 0001:00074E85
  6804 0001:00074E91  6809 0001:00074E96  6811 0001:00074EA4  6814 0001:00074EAD
  6815 0001:00074EB5  6816 0001:00074EBF  6818 0001:00074EC7  6819 0001:00074ED3
  6823 0001:00074EDD  6824 0001:00074EF9  6825 0001:00074F09  6827 0001:00074F1F
  6830 0001:00074F25  6832 0001:00074F30  6834 0001:00074F3C  6835 0001:00074F6B
  6836 0001:00074F99  6837 0001:00074FA2  6838 0001:00074FAA  6850 0001:00074FAF
  6851 0001:00074FB4  6854 0001:00074FBC  6855 0001:00074FD4  6856 0001:00074FE2
  6857 0001:00074FF1  6858 0001:00075009  6854 0001:0007500C  6859 0001:00075011
  6860 0001:0007501E  6861 0001:00075021  6863 0001:00075029  6865 0001:00075039
  6866 0001:00075049  6867 0001:00075057  6868 0001:00075060  6870 0001:0007507D
  6874 0001:00075085  6875 0001:0007508D  6882 0001:00075093  6883 0001:00075099
  6884 0001:000750A0  6888 0001:000750A6  6892 0001:000750B7  6823 0001:000750BA
  6893 0001:000750C3  6895 0001:000750DF  6793 0001:000750E4  6920 0001:00075118
  6953 0001:00075148  6954 0001:0007516F  6955 0001:00075177  6956 0001:0007517F
  6957 0001:00075187  6958 0001:0007518D  6959 0001:00075195  6960 0001:0007519D
  6961 0001:000751A5  6962 0001:000751AD  6964 0001:000751B5  6965 0001:000751B9
  6968 0001:000751C1  6969 0001:000751CD  6970 0001:000751DA  6971 0001:00075204
  6972 0001:00075222  6973 0001:00075228  6974 0001:00075237  6983 0001:00075241
  6986 0001:00075258  6987 0001:00075274  6989 0001:00075282  6990 0001:000752AC
  6993 0001:000752CA  6996 0001:00075366  6997 0001:00075376  6998 0001:00075386
  6999 0001:000753B6  7000 0001:000753C6  7003 0001:000753D7  7004 0001:000753E2
  7006 0001:000753EB  7007 0001:000753FB  7008 0001:0007540B  7009 0001:0007541B
  7011 0001:00075449  7012 0001:00075453  7015 0001:00075483  7016 0001:00075489
  7019 0001:000754B9  7020 0001:000754C5  7022 0001:000754E4  7026 0001:000754F1
  6986 0001:000754F4  7029 0001:000754FD  7032 0001:00075507  7033 0001:00075514
  7034 0001:0007551A  7037 0001:00075548  7038 0001:0007554E  7039 0001:0007557C
  7040 0001:00075582  7041 0001:000755B0  7042 0001:000755B6  7043 0001:000755E4
  7044 0001:000755EA  7047 0001:00075618  7048 0001:00075626  7049 0001:00075655
  7051 0001:00075662  7053 0001:0007566F  7054 0001:00075681  7055 0001:00075699
  7054 0001:000756F7  7056 0001:000756FC  7059 0001:00075706  7061 0001:00075722
  7062 0001:00075728  7065 0001:00075756  7066 0001:0007575C  7068 0001:00075767
  7069 0001:00075774  7070 0001:0007578E  7072 0001:0007579E  7073 0001:000757AC
  7075 0001:000757B9  7077 0001:000757C6  7078 0001:000757CF  7080 0001:000757E5
  7084 0001:0007584D  7085 0001:00075856  7087 0001:000758C4  7090 0001:00075949
  7092 0001:00075957  7093 0001:0007596A  7094 0001:0007597B  7096 0001:00075990
  7097 0001:00075998  7098 0001:000759A5  7099 0001:000759D3  7100 0001:000759EE
  7099 0001:00075A3E  7102 0001:00075A43  7105 0001:00075A5D  7106 0001:00075A6E
  7107 0001:00075A83  7109 0001:00075AA8  7110 0001:00075AC2  7111 0001:00075ADE
  7112 0001:00075AE9  7113 0001:00075B01  7115 0001:00075B11  7116 0001:00075B1A
  7117 0001:00075B20  7118 0001:00075B2E  7119 0001:00075B34  7123 0001:00075B4B
  7124 0001:00075BBF  7148 0001:00075E2C  7149 0001:00075E30  7150 0001:00075E34
  7151 0001:00075E4D  7152 0001:00075E53  7153 0001:00075E65  7154 0001:00075E6C
  7155 0001:00075E84  7156 0001:00075EA5  7157 0001:00075EB4  7158 0001:00075ED0
  7159 0001:00075EE2  7160 0001:00075EEF  7161 0001:00075F0B  7162 0001:00075F19
  7163 0001:00075F29  7164 0001:00075F33  7165 0001:00075F48  7167 0001:00075F5D
  7168 0001:00075F73  7169 0001:00075F8A  7170 0001:00075FA0  7171 0001:00075FC3
  7172 0001:00075FD9  7173 0001:00075FFA  7174 0001:00076010  7175 0001:0007602F
  7176 0001:00076045  7177 0001:0007606A  7178 0001:00076080  7179 0001:000760A5
  7180 0001:000760BB  7181 0001:000760E0  7182 0001:000760FA  7183 0001:00076110
  7184 0001:00076123  7185 0001:00076139  7186 0001:0007614C  7187 0001:00076162
  7188 0001:00076175  7189 0001:0007618F  7190 0001:000761A2  7191 0001:000761B8
  7192 0001:000761D7  7193 0001:000761ED  7194 0001:0007620A  7195 0001:00076220
  7196 0001:0007623D  7197 0001:00076253  7198 0001:00076270  7199 0001:00076286
  7200 0001:000762A0  7201 0001:000762B6  7202 0001:000762D0  7203 0001:000762E6
  7212 0001:000762FE  7160 0001:00076301  7215 0001:00076325  7217 0001:0007633A
  7218 0001:00076342  7220 0001:0007638F  7233 0001:000764AC  7234 0001:000764E0
  7236 0001:000764F2  7240 0001:000764FC  7241 0001:0007650E  7244 0001:00076518
  7246 0001:0007651D  7247 0001:0007652C  7248 0001:0007653A  7249 0001:00076547
  7250 0001:00076556  7251 0001:00076566  7253 0001:0007657B  7256 0001:0007658B
  7257 0001:000765AE  7258 0001:000765C5  7261 0001:000765FA  7264 0001:00076615
  7267 0001:00076625  7268 0001:00076637  7269 0001:00076641  7270 0001:0007664B
  7272 0001:00076654  7274 0001:00076682  7275 0001:00076687  7278 0001:0007668C
  7279 0001:0007669A  7281 0001:000766B8  7282 0001:000766C4  7286 0001:000766D8
  7287 0001:000766DF  7288 0001:000766F1  7290 0001:000766F7  7291 0001:00076707
  7286 0001:0007670A  7292 0001:00076740  7303 0001:000767AC  7304 0001:000767D2
  7307 0001:000767DC  7308 0001:000767E8  7309 0001:000767F2  7311 0001:0007680F
  7313 0001:0007681A  7314 0001:00076834  7317 0001:00076841  7319 0001:00076875
  7325 0001:0007687C  7331 0001:0007689B  7332 0001:000768A3  7333 0001:000768AC
  7334 0001:000768B9  7337 0001:000768BE  7338 0001:00076A93  7339 0001:00076AA5
  7340 0001:00076AB7  7341 0001:00076AC9  7342 0001:00076ADB  7343 0001:00076AED
  7344 0001:00076AFF  7345 0001:00076B11  7346 0001:00076B23  7347 0001:00076B35
  7348 0001:00076B47  7349 0001:00076B59  7350 0001:00076B6B  7351 0001:00076B7D
  7352 0001:00076B8F  7353 0001:00076BA1  7354 0001:00076BB3  7355 0001:00076BC5
  7356 0001:00076BD7  7357 0001:00076BE9  7358 0001:00076BFB  7359 0001:00076C0D
  7360 0001:00076C1F  7361 0001:00076C31  7362 0001:00076C43  7363 0001:00076C55
  7364 0001:00076C67  7365 0001:00076C79  7366 0001:00076C8B  7367 0001:00076C9D
  7368 0001:00076CAF  7369 0001:00076CC1  7370 0001:00076CD3  7371 0001:00076CE5
  7372 0001:00076CF7  7373 0001:00076D09  7374 0001:00076D1B  7375 0001:00076D2D
  7376 0001:00076D3F  7377 0001:00076D51  7378 0001:00076D63  7379 0001:00076D75
  7380 0001:00076D84  7381 0001:00076D93  7382 0001:00076DA2  7383 0001:00076DB1
  7384 0001:00076DC0  7385 0001:00076DCF  7386 0001:00076DDE  7388 0001:00076E16
  7508 0001:00077268  7509 0001:00077287  7510 0001:000772B2  7521 0001:000772B8
  7522 0001:000772E3  7523 0001:000772EB  7524 0001:000772F7  7525 0001:00077305
  7526 0001:00077312  7528 0001:00077317  7530 0001:0007732E  7531 0001:00077361
  7532 0001:00077373  7536 0001:00077385  7537 0001:00077390  7538 0001:00077396
  7549 0001:000773B8  7551 0001:000773C3  7552 0001:000773D0  7556 0001:000773DD
  7557 0001:000773EB  7559 0001:00077405  7562 0001:00077434  7575 0001:00077478
  7577 0001:00077484  7578 0001:0007748B  7579 0001:00077496  7580 0001:0007749D
  7581 0001:000774A2  7582 0001:000774B0  7584 0001:000774D1  7585 0001:000774D6
  7601 0001:000774E0  7602 0001:00077503  7603 0001:0007750D  7604 0001:00077517
  7605 0001:00077521  7606 0001:0007752B  7607 0001:00077535  7608 0001:0007753E
  7609 0001:00077571  7588 0001:00077574  7589 0001:00077592  7590 0001:00077597
  7591 0001:000775A8  7592 0001:000775BB  7593 0001:000775CE  7594 0001:000775E1
  7595 0001:000775E8  7596 0001:000775F9  7597 0001:00077609  7598 0001:00077613
  7600 0001:0007762D

Line numbers for unitTest1(unitTest1.pas) segment .text

   213 0001:000783EC   214 0001:000783F3   215 0001:00078408   220 0001:0007840C
   221 0001:00078413   222 0001:00078420   227 0001:00078424   228 0001:00078444
   230 0001:00078450   231 0001:00078499   238 0001:000784B0   239 0001:000784BC
   240 0001:000784C6   242 0001:000784D0   243 0001:000784DE   245 0001:000784F1
   246 0001:000784FB   247 0001:0007850E   248 0001:00078521   249 0001:00078531
   250 0001:00078541   252 0001:00078553   253 0001:00078563   257 0001:00078573
   258 0001:0007858A   263 0001:000785F0   265 0001:000785FC   271 0001:00078600
   272 0001:0007860C   273 0001:00078618   278 0001:0007861C   279 0001:00078628
   280 0001:00078632   286 0001:00078638   287 0001:00078644   288 0001:0007864E
   310 0001:00078654   312 0001:00078678   313 0001:00078685   318 0001:00078692
   320 0001:000786AF   321 0001:000786CC   323 0001:000786DC   325 0001:000786FF
   327 0001:0007871C   328 0001:00078769   331 0001:00078793   332 0001:000787B9
   335 0001:000787DF   338 0001:00078805   341 0001:00078882   344 0001:000788CF
   347 0001:00078920   349 0001:00078951   352 0001:0007897B   366 0001:000789A1
   367 0001:000789BF   368 0001:000789CC   369 0001:000789D9   370 0001:000789FD
   371 0001:00078A12   372 0001:00078A1F   374 0001:00078A2D   377 0001:00078A43
   378 0001:00078A4E   379 0001:00078A5B   380 0001:00078A7F   385 0001:00078ADF
   391 0001:00078AF0   392 0001:00078B1A   395 0001:00078B4A   398 0001:00078B77
   401 0001:00078BA7   402 0001:00078BB8   403 0001:00078BE2   407 0001:00078BEA
   408 0001:00078C08   409 0001:00078C15   410 0001:00078C2F   414 0001:00078C40
   415 0001:00078C5E   416 0001:00078C7F   417 0001:00078C91   418 0001:00078CA3
   419 0001:00078CB5   423 0001:00078CC6   427 0001:00078CF5   431 0001:00078D37
   432 0001:00078D55   433 0001:00078D62   434 0001:00078D74   435 0001:00078D95
   436 0001:00078DA5   442 0001:00078DB6   445 0001:00078DC3   446 0001:00078DD0
   447 0001:00078DDD   450 0001:00078DEA   451 0001:00078DF2   452 0001:00078DFF
   455 0001:00078E0C   456 0001:00078E14   459 0001:00078E21   463 0001:00078E4B
   464 0001:00078E5A   465 0001:00078E6A   466 0001:00078E7A   467 0001:00078E8A
   468 0001:00078EB7   470 0001:00078EBF   471 0001:00078ED0   472 0001:00078EDB
   473 0001:00078EE6   474 0001:00078EF1   475 0001:00078F1E   477 0001:00078F26
   478 0001:00078F2C   479 0001:00078F32   480 0001:00078F38   482 0001:00078F67
   488 0001:00078FA0   491 0001:00078FCF   492 0001:00078FD5   495 0001:00079004
   496 0001:00079013   499 0001:00079042   500 0001:00079060   503 0001:0007908F
   505 0001:000790BE   506 0001:000790CD   507 0001:000790FC   510 0001:00079104
   511 0001:000794EE   527 0001:00079B70   529 0001:00079B91   530 0001:00079BB4
   533 0001:00079BDA   534 0001:00079BE0   536 0001:00079BE6   537 0001:00079BEB
   539 0001:00079BF2   540 0001:00079BF7   542 0001:00079BFE   545 0001:00079C0E
   546 0001:00079C13   547 0001:00079C29   548 0001:00079C4C   549 0001:00079C73
   550 0001:00079C98   551 0001:00079CBA   552 0001:00079CDF   553 0001:00079D05
   554 0001:00079D2C   555 0001:00079D4A   556 0001:00079D68   557 0001:00079D86
   559 0001:00079DA4   560 0001:00079DAB   561 0001:00079DCC   562 0001:00079DF3
   565 0001:00079E09   566 0001:00079E10   567 0001:00079E15   568 0001:00079E1B
   569 0001:00079E21   570 0001:00079E32   571 0001:00079E48   566 0001:00079E4B
   572 0001:00079E51   565 0001:00079E54   575 0001:00079E5A   576 0001:00079E60
   578 0001:00079E66   580 0001:00079EF6   588 0001:00079F6C   589 0001:00079F90
   590 0001:00079F9A   597 0001:00079FB7   598 0001:00079FCF   599 0001:00079FDC
   600 0001:00079FE9   603 0001:00079FF7   604 0001:0007A00F   605 0001:0007A01C
   606 0001:0007A029   609 0001:0007A037   610 0001:0007A04F   611 0001:0007A05C
   612 0001:0007A078   615 0001:0007A0D3   620 0001:0007A200   621 0001:0007A220
   622 0001:0007A252   630 0001:0007A268   631 0001:0007A28A   633 0001:0007A290
   635 0001:0007A2DD   644 0001:0007A308   645 0001:0007A333   646 0001:0007A344
   649 0001:0007A352   650 0001:0007A364   651 0001:0007A374   652 0001:0007A37A
   653 0001:0007A3CA   654 0001:0007A3FF   663 0001:0007A440   664 0001:0007A46B
   665 0001:0007A47C   668 0001:0007A48A   669 0001:0007A49C   670 0001:0007A4AC
   671 0001:0007A4B2   672 0001:0007A502   673 0001:0007A537   682 0001:0007A574
   683 0001:0007A599   684 0001:0007A5AA   687 0001:0007A5B8   688 0001:0007A5CA
   690 0001:0007A5DA   691 0001:0007A60F   692 0001:0007A63F   696 0001:0007A644
   697 0001:0007A664   698 0001:0007A696   707 0001:0007A6AC   708 0001:0007A6D1
   709 0001:0007A6EE   710 0001:0007A6F5   711 0001:0007A72D   712 0001:0007A734
   713 0001:0007A75D   714 0001:0007A764   715 0001:0007A78D   717 0001:0007A79C
   713 0001:0007A79F   718 0001:0007A7A5   711 0001:0007A7A8   719 0001:0007A7B1
   709 0001:0007A7B4   720 0001:0007A7BE   721 0001:0007A7DB   722 0001:0007A7EA
   723 0001:0007A899   728 0001:0007A918   729 0001:0007A937   730 0001:0007A95C
   731 0001:0007A96C   732 0001:0007A97C   733 0001:0007A98C   734 0001:0007A99C
   735 0001:0007A9AC   736 0001:0007A9BC   737 0001:0007A9E9   742 0001:0007AA18
   743 0001:0007AA37   744 0001:0007AA64   749 0001:0007AA68   750 0001:0007AA87
   751 0001:0007AAB4   756 0001:0007AAB8   758 0001:0007AAD8   759 0001:0007AB17
   764 0001:0007AB58   765 0001:0007AB77   766 0001:0007ABB1   771 0001:0007ABCC
   772 0001:0007ABEB   773 0001:0007AC25   778 0001:0007AC40   779 0001:0007AC61
   780 0001:0007AC8B   781 0001:0007AC9B   782 0001:0007ACAB   783 0001:0007ACBB
   785 0001:0007ACCB   786 0001:0007ACD1   787 0001:0007AD45   792 0001:0007AD6C
   793 0001:0007AD8B   794 0001:0007AD91   795 0001:0007ADEB   800 0001:0007ADFC
   801 0001:0007AE1C   802 0001:0007AE4B   807 0001:0007AE60   808 0001:0007AE83
   809 0001:0007AEAD   810 0001:0007AEBD   811 0001:0007AEF2   816 0001:0007AF0C
   817 0001:0007AF2F   818 0001:0007AF7A   823 0001:0007AFC8   824 0001:0007AFD4
   825 0001:0007AFE1   830 0001:0007AFE8   831 0001:0007AFF4   832 0001:0007B006
   837 0001:0007B020   838 0001:0007B02D   839 0001:0007B041   844 0001:0007B05C
   845 0001:0007B068   846 0001:0007B075   851 0001:0007B07C   852 0001:0007B088
   853 0001:0007B09A   858 0001:0007B0B4   859 0001:0007B0C0   860 0001:0007B0CD
   865 0001:0007B0D4   866 0001:0007B0F6   867 0001:0007B0FC   869 0001:0007B110
   871 0001:0007B141   873 0001:0007B16B   880 0001:0007B194   881 0001:0007B1B9
   885 0001:0007B1C6   889 0001:0007B1EB   891 0001:0007B1FD   896 0001:0007B20F
   897 0001:0007B221   902 0001:0007B22E   904 0001:0007B247   905 0001:0007B251
   907 0001:0007B2A9   912 0001:0007B37E   919 0001:0007B420   921 0001:0007B444
   922 0001:0007B461   923 0001:0007B499   924 0001:0007B4C3   925 0001:0007B4FB
   926 0001:0007B525   930 0001:0007B563   931 0001:0007B593   932 0001:0007B5DA
   934 0001:0007B5ED   936 0001:0007B634   937 0001:0007B64A   939 0001:0007B660
   940 0001:0007B689   941 0001:0007B6AF   942 0001:0007B6D8   944 0001:0007B6FE
   945 0001:0007B728   946 0001:0007B74E   947 0001:0007B8BF   954 0001:0007BA08
   955 0001:0007BA2C   956 0001:0007BA80   957 0001:0007BAA3   959 0001:0007BAF7
   962 0001:0007BB0F   963 0001:0007BB1C   964 0001:0007BB2A   965 0001:0007BB4A
   966 0001:0007BC80   974 0001:0007BCF4   975 0001:0007BD18   976 0001:0007BD21
   977 0001:0007BD32   980 0001:0007BD3C   981 0001:0007BD47   982 0001:0007BD51
   983 0001:0007BD5D   984 0001:0007BD68   985 0001:0007BD7F   986 0001:0007BD8A
   987 0001:0007BDA1   988 0001:0007BDAC   991 0001:0007BDBE   992 0001:0007BDC6
   993 0001:0007BDE6   994 0001:0007BE12   995 0001:0007BE85  1000 0001:0007BED0
  1001 0001:0007BEEF  1002 0001:0007BF21  1007 0001:0007BF28  1008 0001:0007BF47
  1009 0001:0007BF79  1014 0001:0007BF80  1015 0001:0007BF9F  1016 0001:0007BFC4
  1017 0001:0007BFD4  1018 0001:0007BFE4  1019 0001:0007BFF4  1020 0001:0007C021
  1025 0001:0007C054  1026 0001:0007C074  1027 0001:0007C07D  1028 0001:0007C0B9
  1033 0001:0007C0CC  1034 0001:0007C0D8  1035 0001:0007C0E1  1036 0001:0007C0EB
  1041 0001:0007C0F0  1042 0001:0007C0FC  1043 0001:0007C105  1044 0001:0007C10F
  1048 0001:0007C114  1049 0001:0007C120  1050 0001:0007C129  1052 0001:0007C133
  1056 0001:0007C138  1061 0001:0007C15B  1066 0001:0007C17F  1067 0001:0007C1CB
  1071 0001:0007C210  1072 0001:0007C222  1073 0001:0007C230  1074 0001:0007C239
  1075 0001:0007C244  1076 0001:0007C251  1077 0001:0007C25C  1078 0001:0007C269
  1081 0001:0007C282  1082 0001:0007C287  1087 0001:0007C290  1088 0001:0007C2AF
  1089 0001:0007C2C4  1090 0001:0007C2D7  1091 0001:0007C2EC  1092 0001:0007C2FF
  1093 0001:0007C314  1094 0001:0007C328  1095 0001:0007C338  1096 0001:0007C34D
  1097 0001:0007C372  1099 0001:0007C39D  1104 0001:0007C3B8  1105 0001:0007C3C4
  1106 0001:0007C3E6  1108 0001:0007C478  1108 0001:0007C47F

Line numbers for DelphiDemo(H:\workspace\zekom-trace-tools\trunk\Delphi\Demo D7\DelphiDemo.dpr) segment .text

     9 0001:0007C700    10 0001:0007C710    11 0001:0007C71C    12 0001:0007C734
    13 0001:0007C740

Bound resource files

c:\program files\borland\delphi7\Lib\Buttons.res
c:\program files\borland\delphi7\Lib\ExtDlgs.res
c:\program files\borland\delphi7\Lib\Controls.res
unitTest1.DFM
DelphiDemo.RES
DelphiDemo.drf


Program entry point at 0001:0007C700
